Microchip MPLAB XC8 Compiler V3.10

Linker command line:

-W-3 \
  --edf=C:\Program Files\Microchip\xc8\v3.10\pic\dat\20250813170317_en.msgs \
  -cn -h+dist/default/production\lcd.X.production.sym \
  --cmf=dist/default/production\lcd.X.production.cmf -z -Q16F887 \
  -oC:\Users\jhona\AppData\Local\Temp\xcAse1k.0\driver_tmp_3.o \
  --defsym=__MPLAB_BUILD=1 --fixupoverflow=error \
  -Mdist/default/production/lcd.X.production.map \
  --md=C:\Users\jhona\AppData\Local\Temp\xcAse1k.0\driver_tmp_0.dat -E1 \
  -ver=XC8 Compiler -ACODE=00h-07FFhx4 -ASTRCODE=00h-01FFFh \
  -ASTRING=00h-0FFhx32 -ACONST=00h-0FFhx32 -AENTRY=00h-0FFhx32 \
  -ACOMMON=070h-07Fh -ABANK0=020h-06Fh -ABANK1=0A0h-0EFh \
  -ABANK2=0110h-016Fh -ABANK3=0190h-01EFh \
  -ARAM=020h-06Fh,0A0h-0EFh,0110h-016Fh,0190h-01EFh \
  -AABS1=020h-07Fh,0A0h-0EFh,0110h-016Fh,0190h-01EFh -ASFR0=00h-01Fh \
  -ASFR1=080h-09Fh -ASFR2=0100h-010Fh -ASFR3=0180h-018Fh \
  -ACONFIG=02007h-02008h -DCONFIG=2 -AIDLOC=02000h-02003h -DIDLOC=2 \
  -AEEDATA=00h-0FFh/02100h -peeprom_data=EEDATA -DEEDATA=2 -DCODE=2 \
  -DSTRCODE=2 -DSTRING=2 -DCONST=2 -DENTRY=2 \
  -preset_vec=00h,intentry,sivt,init,end_init -ppowerup=CODE -pcinit=CODE \
  -pfunctab=ENTRY -k \
  C:\Users\jhona\AppData\Local\Temp\xcAse1k.0\driver_tmp_17.o \
  dist/default/production\lcd.X.production.o 

Object code version is 3.11

Machine type is 16F887



                Name                               Link     Load   Length Selector   Space Scale
C:\Users\jhona\AppData\Local\Temp\xcAse1k.0\driver_tmp_17.o
                end_init                              0        0        3        0       0
                config                             2007     2007        1        0       4
dist/default/production\lcd.X.production.o
                cinit                               7E7      7E7       19      FCE       0
                config                             2007     2007        1        0       4
                text32                             16AA     16AA       1F     2D54       0
                text31                             1671     1671        A     2CE2       0
                text30                             167B     167B        A     2CF6       0
                text29                              85E      85E        E     10BC       0
                text28                              893      893       3F     1126       0
                text27                             169A     169A       10     2D34       0
                text26                             17C9     17C9       37     2F92       0
                text25                             177D     177D       26     2EFA       0
                text24                              8D2      8D2       3F     11A4       0
                text23                             17A3     17A3       26     2F46       0
                text22                             1685     1685        A     2D0A       0
                text21                              255      255      250      4AA       0
                text20                               8B       8B      1CA      116       0
                text19                              B07      B07       B6     160E       0
                text18                             16C9     16C9       23     2D92       0
                text17                              D61      D61      145     1AC2       0
                text16                              A65      A65       A2     14CA       0
                text15                              86C      86C       27     10D8       0
                text14                              4A5      4A5      342      94A       0
                text13                             168F     168F        B     2D1E       0
                text12                             170F     170F       24     2E1E       0
                text11                               15       15       76       2A       0
                text10                             1733     1733       25     2E66       0
                text9                               968      968       63     12D0       0
                text8                               911      911       57     1222       0
                text7                                 4        4       11        8       0
                text6                                 3        3        1        0       0
                text5                               9CB      9CB       9A     1396       0
                text4                               C77      C77       EA     18EE       0
                text3                              1758     1758       25     2EB0       0
                text2                              16EC     16EC       23     2DD8       0
                text1                               BBD      BBD       BA     177A       0
                maintext                            EA6      EA6      15A     1D4C       0
                cstackBANK0                          20       20       4F       20       1
                cstackCOMMON                         70       70        E       70       1
                cstackBANK1                          CA       CA        C       A0       1
                clrtext                            1669     1669        8     2CD2       0
                bssBANK3                            190      190       20      190       1
                bssBANK1                             A0       A0       2A       A0       1
                bssBANK0                             6F       6F        1       20       1
                strings                             800      800       5D     1000       0

TOTAL           Name                               Link     Load   Length     Space
        CLASS   CODE           
                end_init                              0        0        3         0
                cinit                               7E7      7E7       19         0
                text32                             16AA     16AA       1F         0
                text31                             1671     1671        A         0
                text30                             167B     167B        A         0
                text29                              85E      85E        E         0
                text28                              893      893       3F         0
                text27                             169A     169A       10         0
                text26                             17C9     17C9       37         0
                text25                             177D     177D       26         0
                text24                              8D2      8D2       3F         0
                text23                             17A3     17A3       26         0
                text22                             1685     1685        A         0
                text21                              255      255      250         0
                text20                               8B       8B      1CA         0
                text19                              B07      B07       B6         0
                text18                             16C9     16C9       23         0
                text17                              D61      D61      145         0
                text16                              A65      A65       A2         0
                text15                              86C      86C       27         0
                text14                              4A5      4A5      342         0
                text13                             168F     168F        B         0
                text12                             170F     170F       24         0
                text11                               15       15       76         0
                text10                             1733     1733       25         0
                text9                               968      968       63         0
                text8                               911      911       57         0
                text7                                 4        4       11         0
                text6                                 3        3        1         0
                text5                               9CB      9CB       9A         0
                text4                               C77      C77       EA         0
                text3                              1758     1758       25         0
                text2                              16EC     16EC       23         0
                text1                               BBD      BBD       BA         0
                maintext                            EA6      EA6      15A         0
                clrtext                            1669     1669        8         0

        CLASS   STRCODE        

        CLASS   STRING         
                strings                             800      800       5D         0

        CLASS   CONST          

        CLASS   ENTRY          

        CLASS   COMMON         
                cstackCOMMON                         70       70        E         1

        CLASS   BANK0          
                cstackBANK0                          20       20       4F         1
                bssBANK0                             6F       6F        1         1

        CLASS   BANK1          
                cstackBANK1                          CA       CA        C         1
                bssBANK1                             A0       A0       2A         1

        CLASS   BANK2          

        CLASS   BANK3          
                bssBANK3                            190      190       20         1

        CLASS   RAM            

        CLASS   ABS1           
                abs_s1                               7E       7E        2         1

        CLASS   SFR0           

        CLASS   SFR1           

        CLASS   SFR2           

        CLASS   SFR3           

        CLASS   CONFIG         
                config                             2007     2007        1         4

        CLASS   IDLOC          

        CLASS   EEDATA         

        CLASS   HEAP           

        CLASS   STACK          



SEGMENTS        Name                           Load    Length   Top    Selector   Space  Class     Delta

                reset_vec                      000000  000004  000004         0       0  CODE        2
                text7                          000004  000011  000015         8       0  CODE        2
                cstackBANK0                    000020  000050  000070        20       1  BANK0       1
                text11                         000015  000076  00008B        2A       0  CODE        2
                cstackCOMMON                   000070  00000E  00007E        70       1  COMMON      1
                bssBANK1                       0000A0  000036  0000D6        A0       1  BANK1       1
                text20                         00008B  0001CA  000255       116       0  CODE        2
                bssBANK3                       000190  000020  0001B0       190       1  BANK3       1
                text21                         000255  000250  0004A5       4AA       0  CODE        2
                text14                         0004A5  000342  0007E7       94A       0  CODE        2
                cinit                          0007E7  000019  000800       FCE       0  CODE        2
                strings                        000800  00005D  00085D      1000       0  STRING      2
                text29                         00085E  00000E  00086C      10BC       0  CODE        2
                text15                         00086C  000027  000893      10D8       0  CODE        2
                text28                         000893  00003F  0008D2      1126       0  CODE        2
                text24                         0008D2  00003F  000911      11A4       0  CODE        2
                text8                          000911  000057  000968      1222       0  CODE        2
                text9                          000968  000063  0009CB      12D0       0  CODE        2
                text5                          0009CB  00009A  000A65      1396       0  CODE        2
                text16                         000A65  0000A2  000B07      14CA       0  CODE        2
                text19                         000B07  0000B6  000BBD      160E       0  CODE        2
                text1                          000BBD  0000BA  000C77      177A       0  CODE        2
                text4                          000C77  0000EA  000D61      18EE       0  CODE        2
                text17                         000D61  000145  000EA6      1AC2       0  CODE        2
                maintext                       000EA6  00015A  001000      1D4C       0  CODE        2
                clrtext                        001669  000008  001671      2CD2       0  CODE        2
                text31                         001671  00000A  00167B      2CE2       0  CODE        2
                text30                         00167B  00000A  001685      2CF6       0  CODE        2
                text22                         001685  00000A  00168F      2D0A       0  CODE        2
                text13                         00168F  00000B  00169A      2D1E       0  CODE        2
                text27                         00169A  000010  0016AA      2D34       0  CODE        2
                text32                         0016AA  00001F  0016C9      2D54       0  CODE        2
                text18                         0016C9  000023  0016EC      2D92       0  CODE        2
                text2                          0016EC  000023  00170F      2DD8       0  CODE        2
                text12                         00170F  000024  001733      2E1E       0  CODE        2
                text10                         001733  000025  001758      2E66       0  CODE        2
                text3                          001758  000025  00177D      2EB0       0  CODE        2
                text25                         00177D  000026  0017A3      2EFA       0  CODE        2
                text23                         0017A3  000026  0017C9      2F46       0  CODE        2
                text26                         0017C9  000037  001800      2F92       0  CODE        2


UNUSED ADDRESS RANGES

        Name                Unused          Largest block    Delta
        BANK1            00D6-00EF             1A           1
        BANK2            0110-016F             60           1
        BANK3            01B0-01EF             40           1
        CODE             085D-085D              1           2
                         1000-1668            669
                         1800-1FFF            800
        CONFIG           2008-2008              1           2
        CONST            085D-085D              1           2
                         1000-1668            100
                         1800-1FFF            100
        EEDATA           2100-21FF            100           2
        ENTRY            085D-085D              1           2
                         1000-1668            100
                         1800-1FFF            100
        IDLOC            2000-2003              4           2
        RAM              00D6-00EF             1A           1
                         0110-016F             60
                         01B0-01EF             40
        SFR0             0000-001F             20           1
        SFR1             0080-009F             20           1
        SFR2             0100-010F             10           1
        SFR3             0180-018F             10           1
        STRCODE          085D-085D              1           2
                         1000-1668            669
                         1800-1FFF            800
        STRING           085D-085D              1           2
                         1000-1668            100
                         1800-1FFF            100

                                  Symbol Table

?__Umul8_16                       cstackCOMMON 0070
?___awdiv                         cstackCOMMON 0070
?___awmod                         cstackCOMMON 0070
?___fladd                         cstackBANK0  0040
?___fldiv                         cstackBANK0  0026
?___flmul                         cstackBANK0  0020
?___flneg                         cstackCOMMON 0070
?___flsub                         cstackBANK0  0054
?___fltol                         cstackBANK0  005C
?___wmul                          cstackCOMMON 0070
?___xxtofl                        cstackCOMMON 0076
?_abs                             cstackCOMMON 0076
?_sprintf                         cstackBANK0  0031
?_vfprintf                        cstackBANK0  002D
I2C_Init_Master@sp_i2c            cstackCOMMON 0070
I2C_Write@data                    cstackCOMMON 0070
Lcd_Cmd@cmd                       cstackCOMMON 0072
Lcd_Cmd@data_l                    cstackCOMMON 0074
Lcd_Cmd@data_u                    cstackCOMMON 0073
Lcd_Set_Cursor@address            cstackCOMMON 0077
Lcd_Set_Cursor@col                cstackCOMMON 0076
Lcd_Set_Cursor@row                cstackCOMMON 0075
Lcd_Write_Char@c                  cstackCOMMON 0072
Lcd_Write_Char@data_l             cstackCOMMON 0074
Lcd_Write_Char@data_u             cstackCOMMON 0073
Lcd_Write_String@str              cstackCOMMON 0075
_ANSEL                            (abs)        0188
_ANSELH                           (abs)        0189
_I2C_Init_Master                  text32       16AA
_I2C_Start                        text31       1671
_I2C_Stop                         text30       167B
_I2C_Write                        text29       085E
_Lcd_Clear                        text27       169A
_Lcd_Cmd                          text28       0893
_Lcd_Init                         text26       17C9
_Lcd_Set_Cursor                   text25       177D
_Lcd_Write_Char                   text24       08D2
_Lcd_Write_String                 text23       17A3
_OPTION_REGbits                   (abs)        0081
_PIR1bits                         (abs)        000C
_PORTAbits                        (abs)        0005
_SSPADD                           (abs)        0093
_SSPBUF                           (abs)        0013
_SSPCON                           (abs)        0014
_SSPCON2                          (abs)        0091
_SSPCON2bits                      (abs)        0091
_SSPSTAT                          (abs)        0094
_TMR0                             (abs)        0001
_TRISAbits                        (abs)        0085
_TRISCbits                        (abs)        0087
__H__absolute__                   __absolute__ 0000
__Habs1                           abs1         0000
__Hbank0                          bank0        0000
__Hbank1                          bank1        0000
__Hbank2                          bank2        0000
__Hbank3                          bank3        0000
__HbssBANK0                       bssBANK0     0000
__HbssBANK1                       bssBANK1     0000
__HbssBANK3                       bssBANK3     0000
__Hcinit                          cinit        0800
__Hclrtext                        clrtext      0000
__Hcode                           code         0000
__Hcommon                         common       0000
__Hconfig                         config       2008
__HcstackBANK0                    cstackBANK0  0000
__HcstackBANK1                    cstackBANK1  0000
__HcstackCOMMON                   cstackCOMMON 0000
__Heeprom_data                    eeprom_data  0000
__Hend_init                       end_init     0003
__Hfunctab                        functab      0000
__Hheap                           heap         0000
__Hinit                           init         0000
__Hintentry                       intentry     0000
__Hmaintext                       maintext     0000
__Hpowerup                        powerup      0000
__Hram                            ram          0000
__Hreset_vec                      reset_vec    0000
__Hsfr0                           sfr0         0000
__Hsfr1                           sfr1         0000
__Hsfr2                           sfr2         0000
__Hsfr3                           sfr3         0000
__Hsivt                           sivt         0000
__Hspace_0                        (abs)        1800
__Hspace_1                        (abs)        01B0
__Hspace_2                        (abs)        0000
__Hspace_3                        (abs)        0000
__Hspace_4                        (abs)        400F
__Hstack                          stack        0000
__Hstrings                        strings      0000
__Htext                           text         0000
__L__absolute__                   __absolute__ 0000
__Labs1                           abs1         0000
__Lbank0                          bank0        0000
__Lbank1                          bank1        0000
__Lbank2                          bank2        0000
__Lbank3                          bank3        0000
__LbssBANK0                       bssBANK0     0000
__LbssBANK1                       bssBANK1     0000
__LbssBANK3                       bssBANK3     0000
__Lcinit                          cinit        07E7
__Lclrtext                        clrtext      0000
__Lcode                           code         0000
__Lcommon                         common       0000
__Lconfig                         config       0000
__LcstackBANK0                    cstackBANK0  0000
__LcstackBANK1                    cstackBANK1  0000
__LcstackCOMMON                   cstackCOMMON 0000
__Leeprom_data                    eeprom_data  0000
__Lend_init                       end_init     0000
__Lfunctab                        functab      0000
__Lheap                           heap         0000
__Linit                           init         0000
__Lintentry                       intentry     0000
__Lmaintext                       maintext     0000
__Lpowerup                        powerup      0000
__Lram                            ram          0000
__Lreset_vec                      reset_vec    0000
__Lsfr0                           sfr0         0000
__Lsfr1                           sfr1         0000
__Lsfr2                           sfr2         0000
__Lsfr3                           sfr3         0000
__Lsivt                           sivt         0000
__Lspace_0                        (abs)        0000
__Lspace_1                        (abs)        0000
__Lspace_2                        (abs)        0000
__Lspace_3                        (abs)        0000
__Lspace_4                        (abs)        0000
__Lstack                          stack        0000
__Lstrings                        strings      0000
__Ltext                           text         0000
__S0                              (abs)        1800
__S1                              (abs)        01B0
__S3                              (abs)        0000
__Umul8_16                        text15       086C
__Umul8_16@multiplicand           cstackCOMMON 0070
__Umul8_16@multiplier             cstackCOMMON 0078
__Umul8_16@product                cstackCOMMON 0074
__Umul8_16@word_mpld              cstackCOMMON 0076
___awdiv                          text9        0968
___awdiv@counter                  cstackCOMMON 0074
___awdiv@dividend                 cstackCOMMON 0072
___awdiv@divisor                  cstackCOMMON 0070
___awdiv@quotient                 cstackCOMMON 0076
___awdiv@sign                     cstackCOMMON 0075
___awmod                          text8        0911
___awmod@counter                  cstackCOMMON 0074
___awmod@dividend                 cstackCOMMON 0072
___awmod@divisor                  cstackCOMMON 0070
___awmod@sign                     cstackCOMMON 0075
___fladd                          text21       0255
___fladd@a                        cstackBANK0  0044
___fladd@aexp                     cstackBANK0  0051
___fladd@b                        cstackBANK0  0040
___fladd@bexp                     cstackBANK0  0052
___fladd@grs                      cstackBANK0  0053
___fladd@signs                    cstackBANK0  0050
___fldiv                          text20       008B
___fldiv@a                        cstackBANK0  0026
___fldiv@aexp                     cstackBANK0  003F
___fldiv@b                        cstackBANK0  002A
___fldiv@bexp                     cstackBANK0  003E
___fldiv@grs                      cstackBANK0  003A
___fldiv@new_exp                  cstackBANK0  0038
___fldiv@rem                      cstackBANK0  0033
___fldiv@sign                     cstackBANK0  0037
___flge                           text16       0A65
___flge@ff1                       cstackCOMMON 0070
___flge@ff2                       cstackCOMMON 0074
___flmul                          text14       04A5
___flmul@a                        cstackBANK0  0024
___flmul@aexp                     cstackBANK0  002D
___flmul@b                        cstackBANK0  0020
___flmul@bexp                     cstackBANK0  002E
___flmul@grs                      cstackBANK0  0029
___flmul@prod                     cstackBANK0  002F
___flmul@sign                     cstackBANK0  0028
___flmul@temp                     cstackBANK0  0033
___flneg                          text13       168F
___flneg@f1                       cstackCOMMON 0070
___flsub                          text12       170F
___flsub@a                        cstackBANK0  0054
___flsub@b                        cstackBANK0  0058
___fltol                          text11       0015
___fltol@exp1                     cstackBANK0  0065
___fltol@f1                       cstackBANK0  005C
___fltol@sign1                    cstackBANK0  0064
___heap_hi                        (abs)        0000
___heap_lo                        (abs)        0000
___int_sp                         stack        0000
___int_stack_hi                   stack        0000
___int_stack_lo                   stack        0000
___latbits                        (abs)        0002
___sp                             stack        0000
___stack_hi                       stack        0000
___stack_lo                       stack        0000
___stackhi                        (abs)        0000
___stacklo                        (abs)        0000
___wmul                           text10       1733
___wmul@multiplicand              cstackCOMMON 0072
___wmul@multiplier                cstackCOMMON 0070
___wmul@product                   cstackCOMMON 0074
___xxtofl                         text19       0B07
___xxtofl@arg                     cstackBANK0  0022
___xxtofl@exp                     cstackBANK0  0021
___xxtofl@sign                    cstackBANK0  0020
___xxtofl@val                     cstackCOMMON 0076
__end_of_I2C_Init_Master          text32       16C9
__end_of_I2C_Start                text31       167B
__end_of_I2C_Stop                 text30       1685
__end_of_I2C_Write                text29       086C
__end_of_Lcd_Clear                text27       16AA
__end_of_Lcd_Cmd                  text28       08D2
__end_of_Lcd_Init                 text26       1800
__end_of_Lcd_Set_Cursor           text25       17A3
__end_of_Lcd_Write_Char           text24       0911
__end_of_Lcd_Write_String         text23       17C9
__end_of__Umul8_16                text15       0893
__end_of___awdiv                  text9        09CB
__end_of___awmod                  text8        0968
__end_of___fladd                  text21       04A5
__end_of___fldiv                  text20       0255
__end_of___flge                   text16       0B07
__end_of___flmul                  text14       07E7
__end_of___flneg                  text13       169A
__end_of___flsub                  text12       1733
__end_of___fltol                  text11       008B
__end_of___wmul                   text10       1758
__end_of___xxtofl                 text19       0BBD
__end_of__initialization          cinit        07FC
__end_of__stringtab               strings      0810
__end_of_abs                      text7        0015
__end_of_dht11_config             text22       168F
__end_of_dht11_read               text17       0EA6
__end_of_dht11_read_byte          text18       16EC
__end_of_float_to_string_opt      text1        0C77
__end_of_fputc                    text5        0A65
__end_of_main                     maintext     1000
__end_of_putch                    text6        0004
__end_of_sprintf                  text2        170F
__end_of_vfpfcnvrt                text4        0D61
__end_of_vfprintf                 text3        177D
__initialization                  cinit        07E7
__pbssBANK0                       bssBANK0     006F
__pbssBANK1                       bssBANK1     00A0
__pbssBANK3                       bssBANK3     0190
__pcstackBANK0                    cstackBANK0  0020
__pcstackBANK1                    cstackBANK1  00CA
__pcstackCOMMON                   cstackCOMMON 0070
__pmaintext                       maintext     0EA6
__pstrings                        strings      0800
__ptext1                          text1        0BBD
__ptext10                         text10       1733
__ptext11                         text11       0015
__ptext12                         text12       170F
__ptext13                         text13       168F
__ptext14                         text14       04A5
__ptext15                         text15       086C
__ptext16                         text16       0A65
__ptext17                         text17       0D61
__ptext18                         text18       16C9
__ptext19                         text19       0B07
__ptext2                          text2        16EC
__ptext20                         text20       008B
__ptext21                         text21       0255
__ptext22                         text22       1685
__ptext23                         text23       17A3
__ptext24                         text24       08D2
__ptext25                         text25       177D
__ptext26                         text26       17C9
__ptext27                         text27       169A
__ptext28                         text28       0893
__ptext29                         text29       085E
__ptext3                          text3        1758
__ptext30                         text30       167B
__ptext31                         text31       1671
__ptext32                         text32       16AA
__ptext4                          text4        0C77
__ptext5                          text5        09CB
__ptext6                          text6        0003
__ptext7                          text7        0004
__ptext8                          text8        0911
__ptext9                          text9        0968
__stringbase                      strings      080F
__stringtab                       strings      0800
_abs                              text7        0004
_buffer_hum                       bssBANK1     00AA
_buffer_tem                       bssBANK1     00BA
_dbuf                             bssBANK3     0190
_dht11_aux                        bssBANK0     006F
_dht11_byte                       bssBANK1     00A0
_dht11_config                     text22       1685
_dht11_read                       text17       0D61
_dht11_read_byte                  text18       16C9
_flags                            bssBANK1     00A9
_float_to_string_opt              text1        0BBD
_fputc                            text5        09CB
_main                             maintext     0EA6
_prec                             bssBANK1     00A7
_putch                            text6        0003
_sprintf                          text2        16EC
_vfpfcnvrt                        text4        0C77
_vfprintf                         text3        1758
_width                            bssBANK1     00A5
abs@a                             cstackCOMMON 0076
btemp                             (abs)        007E
btemp0                            (abs)        007E
btemp1                            (abs)        007F
clear_ram0                        clrtext      1669
dht11_read@checksum               cstackBANK0  005E
dht11_read@i                      cstackBANK0  005F
dht11_read@phum                   cstackBANK0  0054
dht11_read@ptemp                  cstackBANK0  0055
dht11_read_byte@i                 cstackCOMMON 0071
dht11_read_byte@timer_val         cstackCOMMON 0070
end_of_initialization             cinit        07FC
float_to_string_opt@buffer        cstackBANK0  006A
float_to_string_opt@parte_decimal cstackBANK0  006B
float_to_string_opt@parte_entera  cstackBANK0  006D
float_to_string_opt@value         cstackBANK0  0066
fputc@c                           cstackCOMMON 0070
fputc@fp                          cstackCOMMON 0072
intlevel0                         functab      0000
intlevel1                         functab      0000
intlevel2                         functab      0000
intlevel3                         functab      0000
intlevel4                         functab      0000
intlevel5                         functab      0000
ltemp0a                           (abs)        0080
main@hum                          cstackBANK1  00D2
main@intentos                     cstackBANK1  00CD
main@tem                          cstackBANK1  00CE
reset_vec                         reset_vec    0000
sprintf@ap                        cstackBANK0  0038
sprintf@f                         cstackBANK0  0039
sprintf@fmt                       cstackBANK0  0032
sprintf@s                         cstackBANK0  0031
start                             init         0000
start_initialization              cinit        07E7
ttemp0a                           (abs)        007F
vfpfcnvrt@ap                      cstackBANK0  0023
vfpfcnvrt@c                       cstackBANK0  002C
vfpfcnvrt@convarg                 cstackBANK0  0028
vfpfcnvrt@cp                      cstackBANK0  0027
vfpfcnvrt@done                    cstackBANK0  0026
vfpfcnvrt@fmt                     cstackBANK0  0022
vfpfcnvrt@fp                      cstackBANK0  0020
vfprintf@ap                       cstackBANK0  0030
vfprintf@cfmt                     cstackCOMMON 007D
vfprintf@fmt                      cstackBANK0  002F
vfprintf@fp                       cstackBANK0  002D
wtemp0                            (abs)        007E
wtemp0a                           (abs)        007F


MODULE INFORMATION

Module		Function		Class		Link	Load	Size
C:\Program Files\Microchip\xc8\v3.10\pic\sources\c99\common\flge.c
		___flge        		CODE           	0A65	0000	162

C:\Program Files\Microchip\xc8\v3.10\pic\sources\c99\common\flge.c estimated size: 162

C:\Program Files\Microchip\xc8\v3.10\pic\sources\c99\common\awmod.c
		___awmod       		CODE           	0911	0000	87

C:\Program Files\Microchip\xc8\v3.10\pic\sources\c99\common\awmod.c estimated size: 87

C:\Program Files\Microchip\xc8\v3.10\pic\sources\c99\common\putch.c
		_putch         		CODE           	0003	0000	1

C:\Program Files\Microchip\xc8\v3.10\pic\sources\c99\common\putch.c estimated size: 1

C:\Program Files\Microchip\xc8\v3.10\pic\sources\c99\common\abs.c
		_abs           		CODE           	0004	0000	17

C:\Program Files\Microchip\xc8\v3.10\pic\sources\c99\common\abs.c estimated size: 17

i2c.c
		_I2C_Init_Master		CODE           	16AA	0000	31
		_I2C_Write     		CODE           	085E	0000	14
		_I2C_Stop      		CODE           	167B	0000	10
		_I2C_Start     		CODE           	1671	0000	10

i2c.c estimated size: 65

lcd_i2c.c
		_Lcd_Write_String		CODE           	17A3	0000	38
		_Lcd_Init      		CODE           	17C9	0000	55
		_Lcd_Write_Char		CODE           	08D2	0000	63
		_Lcd_Cmd       		CODE           	0893	0000	63
		_Lcd_Set_Cursor		CODE           	177D	0000	38
		_Lcd_Clear     		CODE           	169A	0000	16

lcd_i2c.c estimated size: 273

C:\Program Files\Microchip\xc8\v3.10\pic\sources\c99\common\awdiv.c
		___awdiv       		CODE           	0968	0000	99

C:\Program Files\Microchip\xc8\v3.10\pic\sources\c99\common\awdiv.c estimated size: 99

C:\Program Files\Microchip\xc8\v3.10\pic\sources\c99\common\fltol.c
		___fltol       		CODE           	0015	0000	118

C:\Program Files\Microchip\xc8\v3.10\pic\sources\c99\common\fltol.c estimated size: 118

C:\Program Files\Microchip\xc8\v3.10\pic\sources\c99\common\sprcmul.c
		___flmul       		CODE           	04A5	0000	834

C:\Program Files\Microchip\xc8\v3.10\pic\sources\c99\common\sprcmul.c estimated size: 834

C:\Program Files\Microchip\xc8\v3.10\pic\sources\c99\common\Umul8_16.c
		__Umul8_16     		CODE           	086C	0000	39

C:\Program Files\Microchip\xc8\v3.10\pic\sources\c99\common\Umul8_16.c estimated size: 39

C:\Program Files\Microchip\xc8\v3.10\pic\sources\c99\common\nf_sprintf.c
		_sprintf       		CODE           	16EC	0000	35

C:\Program Files\Microchip\xc8\v3.10\pic\sources\c99\common\nf_sprintf.c estimated size: 35

C:\Program Files\Microchip\xc8\v3.10\pic\sources\c99\common\xxtofl.c
		___xxtofl      		CODE           	0B07	0000	182

C:\Program Files\Microchip\xc8\v3.10\pic\sources\c99\common\xxtofl.c estimated size: 182

C:\Program Files\Microchip\xc8\v3.10\pic\sources\c99\common\sprcdiv.c
		___fldiv       		CODE           	008B	0000	458

C:\Program Files\Microchip\xc8\v3.10\pic\sources\c99\common\sprcdiv.c estimated size: 458

shared
		__stringtab    		STRING         	0800	0000	16
		__initialization		CODE           	07E7	0000	21

shared estimated size: 37

C:\Program Files\Microchip\xc8\v3.10\pic\sources\c99\common\nf_fputc.c
		_fputc         		CODE           	09CB	0000	154

C:\Program Files\Microchip\xc8\v3.10\pic\sources\c99\common\nf_fputc.c estimated size: 154

lcd.c
		_main          		CODE           	0EA6	0000	346
		_float_to_string_opt		CODE           	0BBD	0000	186

lcd.c estimated size: 532

C:\Program Files\Microchip\xc8\v3.10\pic\sources\c99\common\flneg.c
		___flneg       		CODE           	168F	0000	11

C:\Program Files\Microchip\xc8\v3.10\pic\sources\c99\common\flneg.c estimated size: 11

dht11.c
		_dht11_read    		CODE           	0D61	0000	325
		_dht11_read_byte		CODE           	16C9	0000	35
		_dht11_config  		CODE           	1685	0000	10

dht11.c estimated size: 370

C:\Program Files\Microchip\xc8\v3.10\pic\sources\c99\common\doprnt.c
		_vfpfcnvrt     		CODE           	0C77	0000	234
		_vfprintf      		CODE           	1758	0000	37

C:\Program Files\Microchip\xc8\v3.10\pic\sources\c99\common\doprnt.c estimated size: 271

C:\Program Files\Microchip\xc8\v3.10\pic\sources\c99\common\sprcadd.c
		___flsub       		CODE           	170F	0000	36
		___fladd       		CODE           	0255	0000	592

C:\Program Files\Microchip\xc8\v3.10\pic\sources\c99\common\sprcadd.c estimated size: 628

C:\Program Files\Microchip\xc8\v3.10\pic\sources\c99\common\Umul16.c
		___wmul        		CODE           	1733	0000	37

C:\Program Files\Microchip\xc8\v3.10\pic\sources\c99\common\Umul16.c estimated size: 37

