Microchip MPLAB XC8 Compiler V3.10

Linker command line:

-W-3 \
  --edf=C:\Program Files\Microchip\xc8\v3.10\pic\dat\20250813170317_en.msgs \
  -cn -h+dist/default/production\lcd.X.production.sym \
  --cmf=dist/default/production\lcd.X.production.cmf -z -Q16F887 \
  -oC:\Users\jhona\AppData\Local\Temp\xcAsbmk.0\driver_tmp_3.o \
  --defsym=__MPLAB_BUILD=1 --fixupoverflow=error \
  -Mdist/default/production/lcd.X.production.map \
  --md=C:\Users\jhona\AppData\Local\Temp\xcAsbmk.0\driver_tmp_0.dat -E1 \
  -ver=XC8 Compiler -ACODE=00h-07FFhx4 -ASTRCODE=00h-01FFFh \
  -ASTRING=00h-0FFhx32 -ACONST=00h-0FFhx32 -AENTRY=00h-0FFhx32 \
  -ACOMMON=070h-07Fh -ABANK0=020h-06Fh -ABANK1=0A0h-0EFh \
  -ABANK2=0110h-016Fh -ABANK3=0190h-01EFh \
  -ARAM=020h-06Fh,0A0h-0EFh,0110h-016Fh,0190h-01EFh \
  -AABS1=020h-07Fh,0A0h-0EFh,0110h-016Fh,0190h-01EFh -ASFR0=00h-01Fh \
  -ASFR1=080h-09Fh -ASFR2=0100h-010Fh -ASFR3=0180h-018Fh \
  -ACONFIG=02007h-02008h -DCONFIG=2 -AIDLOC=02000h-02003h -DIDLOC=2 \
  -AEEDATA=00h-0FFh/02100h -peeprom_data=EEDATA -DEEDATA=2 -DCODE=2 \
  -DSTRCODE=2 -DSTRING=2 -DCONST=2 -DENTRY=2 \
  -preset_vec=00h,intentry,sivt,init,end_init -ppowerup=CODE -pcinit=CODE \
  -pfunctab=ENTRY -k \
  C:\Users\jhona\AppData\Local\Temp\xcAsbmk.0\driver_tmp_17.o \
  dist/default/production\lcd.X.production.o 

Object code version is 3.11

Machine type is 16F887



                Name                               Link     Load   Length Selector   Space Scale
C:\Users\jhona\AppData\Local\Temp\xcAsbmk.0\driver_tmp_17.o
                end_init                              0        0        3        0       0
                config                             2007     2007        1        0       4
dist/default/production\lcd.X.production.o
                cinit                               7EA      7EA       16      FD4       0
                config                             2007     2007        1        0       4
                text39                             1F17     1F17        7     3E2E       0
                text38                               18       18      1CA       30       0
                text37                             10EE     10EE       27     21DC       0
                text36                              4A8      4A8      342      950       0
                text35                             14C2     14C2       B6     2984       0
                text34                              A51      A51      16B     14A2       0
                text33                             1F73     1F73       1F     3EE6       0
                text32                             1F26     1F26        A     3E4C       0
                text31                             1F30     1F30        A     3E60       0
                text30                             1F47     1F47        E     3E8E       0
                text29                             117C     117C       3F     22F8       0
                text28                             1092     1092       10     2124       0
                text27                             1145     1145       37     228A       0
                text26                             10A2     10A2       26     2144       0
                text25                             11BB     11BB       3F     2376       0
                text24                             10C8     10C8       26     2190       0
                text23                             1420     1420       A2     2840       0
                text22                              82B      82B       F8     1056       0
                text21                              DB0      DB0      250     1B60       0
                text20                             1F92     1F92       24     3F24       0
                text19                             1F3A     1F3A        D     3E74       0
                text18                             1251     1251       5C     24A2       0
                text17                              BBC      BBC      1F4     1778       0
                text16                             1087     1087        B     210E       0
                text15                             1310     1310       76     2620       0
                text14                             1FB6     1FB6       25     3F6C       0
                text13                             12AD     12AD       63     255A       0
                text12                             11FA     11FA       57     23F4       0
                text11                                7        7       11        E       0
                text10                                6        6        1        C       0
                text9                              1386     1386       9A     270C       0
                text8                              1716     1716       EA     2E2C       0
                text7                              1FDB     1FDB       25     3FB6       0
                text6                              1115     1115       30     222A       0
                text5                               923      923      12E     1246       0
                text4                              1F55     1F55       1E     3EAA       0
                text3                              1578     1578       CA     2AF0       0
                text2                              1642     1642       D4     2C84       0
                text1                               801      801       2A     1002       0
                maintext                            1E2      1E2      2C6      3C4       0
                cstackBANK0                          20       20       50       20       1
                cstackCOMMON                         70       70        E       70       1
                cstackBANK1                          A0       A0       24       A0       1
                clrtext                            1F1E     1F1E        8     3E3C       0
                bssBANK3                            190      190       30      190       1
                bssBANK1                             C4       C4       20       A0       1
                strings                            1000     1000       87     2000       0

TOTAL           Name                               Link     Load   Length     Space
        CLASS   CODE           
                end_init                              0        0        3         0
                cinit                               7EA      7EA       16         0
                text39                             1F17     1F17        7         0
                text38                               18       18      1CA         0
                text37                             10EE     10EE       27         0
                text36                              4A8      4A8      342         0
                text35                             14C2     14C2       B6         0
                text34                              A51      A51      16B         0
                text33                             1F73     1F73       1F         0
                text32                             1F26     1F26        A         0
                text31                             1F30     1F30        A         0
                text30                             1F47     1F47        E         0
                text29                             117C     117C       3F         0
                text28                             1092     1092       10         0
                text27                             1145     1145       37         0
                text26                             10A2     10A2       26         0
                text25                             11BB     11BB       3F         0
                text24                             10C8     10C8       26         0
                text23                             1420     1420       A2         0
                text22                              82B      82B       F8         0
                text21                              DB0      DB0      250         0
                text20                             1F92     1F92       24         0
                text19                             1F3A     1F3A        D         0
                text18                             1251     1251       5C         0
                text17                              BBC      BBC      1F4         0
                text16                             1087     1087        B         0
                text15                             1310     1310       76         0
                text14                             1FB6     1FB6       25         0
                text13                             12AD     12AD       63         0
                text12                             11FA     11FA       57         0
                text11                                7        7       11         0
                text10                                6        6        1         0
                text9                              1386     1386       9A         0
                text8                              1716     1716       EA         0
                text7                              1FDB     1FDB       25         0
                text6                              1115     1115       30         0
                text5                               923      923      12E         0
                text4                              1F55     1F55       1E         0
                text3                              1578     1578       CA         0
                text2                              1642     1642       D4         0
                text1                               801      801       2A         0
                maintext                            1E2      1E2      2C6         0
                clrtext                            1F1E     1F1E        8         0

        CLASS   STRCODE        

        CLASS   STRING         
                strings                            1000     1000       87         0

        CLASS   CONST          

        CLASS   ENTRY          

        CLASS   COMMON         
                cstackCOMMON                         70       70        E         1

        CLASS   BANK0          
                cstackBANK0                          20       20       50         1

        CLASS   BANK1          
                cstackBANK1                          A0       A0       24         1
                bssBANK1                             C4       C4       20         1

        CLASS   BANK2          

        CLASS   BANK3          
                bssBANK3                            190      190       30         1

        CLASS   RAM            

        CLASS   ABS1           
                abs_s1                               7E       7E        2         1

        CLASS   SFR0           

        CLASS   SFR1           

        CLASS   SFR2           

        CLASS   SFR3           

        CLASS   CONFIG         
                config                             2007     2007        1         4

        CLASS   IDLOC          

        CLASS   EEDATA         

        CLASS   HEAP           

        CLASS   STACK          



SEGMENTS        Name                           Load    Length   Top    Selector   Space  Class     Delta

                reset_vec                      000000  000003  000003         0       0  CODE        2
                text10                         000006  000001  000007         C       0  CODE        2
                text11                         000007  000011  000018         E       0  CODE        2
                cstackBANK0                    000020  000050  000070        20       1  BANK0       1
                text38                         000018  0001CA  0001E2        30       0  CODE        2
                cstackCOMMON                   000070  00000E  00007E        70       1  COMMON      1
                cstackBANK1                    0000A0  000044  0000E4        A0       1  BANK1       1
                bssBANK3                       000190  000030  0001C0       190       1  BANK3       1
                maintext                       0001E2  0002C6  0004A8       3C4       0  CODE        2
                text36                         0004A8  000342  0007EA       950       0  CODE        2
                cinit                          0007EA  000016  000800       FD4       0  CODE        2
                text1                          000801  00002A  00082B      1002       0  CODE        2
                text22                         00082B  0000F8  000923      1056       0  CODE        2
                text5                          000923  00012E  000A51      1246       0  CODE        2
                text34                         000A51  00016B  000BBC      14A2       0  CODE        2
                text17                         000BBC  0001F4  000DB0      1778       0  CODE        2
                text21                         000DB0  000250  001000      1B60       0  CODE        2
                strings                        001000  000087  001087      2000       0  STRING      2
                text16                         001087  00000B  001092      210E       0  CODE        2
                text28                         001092  000010  0010A2      2124       0  CODE        2
                text26                         0010A2  000026  0010C8      2144       0  CODE        2
                text24                         0010C8  000026  0010EE      2190       0  CODE        2
                text37                         0010EE  000027  001115      21DC       0  CODE        2
                text6                          001115  000030  001145      222A       0  CODE        2
                text27                         001145  000037  00117C      228A       0  CODE        2
                text29                         00117C  00003F  0011BB      22F8       0  CODE        2
                text25                         0011BB  00003F  0011FA      2376       0  CODE        2
                text12                         0011FA  000057  001251      23F4       0  CODE        2
                text18                         001251  00005C  0012AD      24A2       0  CODE        2
                text13                         0012AD  000063  001310      255A       0  CODE        2
                text15                         001310  000076  001386      2620       0  CODE        2
                text9                          001386  00009A  001420      270C       0  CODE        2
                text23                         001420  0000A2  0014C2      2840       0  CODE        2
                text35                         0014C2  0000B6  001578      2984       0  CODE        2
                text3                          001578  0000CA  001642      2AF0       0  CODE        2
                text2                          001642  0000D4  001716      2C84       0  CODE        2
                text8                          001716  0000EA  001800      2E2C       0  CODE        2
                text39                         001F17  000007  001F1E      3E2E       0  CODE        2
                clrtext                        001F1E  000008  001F26      3E3C       0  CODE        2
                text32                         001F26  00000A  001F30      3E4C       0  CODE        2
                text31                         001F30  00000A  001F3A      3E60       0  CODE        2
                text19                         001F3A  00000D  001F47      3E74       0  CODE        2
                text30                         001F47  00000E  001F55      3E8E       0  CODE        2
                text4                          001F55  00001E  001F73      3EAA       0  CODE        2
                text33                         001F73  00001F  001F92      3EE6       0  CODE        2
                text20                         001F92  000024  001FB6      3F24       0  CODE        2
                text14                         001FB6  000025  001FDB      3F6C       0  CODE        2
                text7                          001FDB  000025  002000      3FB6       0  CODE        2


UNUSED ADDRESS RANGES

        Name                Unused          Largest block    Delta
        BANK1            00E4-00EF              C           1
        BANK2            0110-016F             60           1
        BANK3            01C0-01EF             30           1
        CODE             0003-0005              3           2
                         0800-0800              1
                         1800-1F16            717
        CONFIG           2008-2008              1           2
        CONST            0003-0005              3           2
                         0800-0800              1
                         1800-1F16            100
        EEDATA           2100-21FF            100           2
        ENTRY            0003-0005              3           2
                         0800-0800              1
                         1800-1F16            100
        IDLOC            2000-2003              4           2
        RAM              00E4-00EF              C           1
                         0110-016F             60
                         01C0-01EF             30
        SFR0             0000-001F             20           1
        SFR1             0080-009F             20           1
        SFR2             0100-010F             10           1
        SFR3             0180-018F             10           1
        STRCODE          0003-0005              3           2
                         0800-0800              1
                         1800-1F16            717
        STRING           0003-0005              3           2
                         0800-0800              1
                         1800-1F16            100

                                  Symbol Table

?__Umul8_16                               cstackCOMMON 0070
?___awdiv                                 cstackCOMMON 0070
?___awmod                                 cstackCOMMON 0070
?___fladd                                 cstackBANK0  0040
?___fldiv                                 cstackBANK0  0026
?___flmul                                 cstackBANK0  0040
?___flneg                                 cstackCOMMON 0070
?___flsub                                 cstackBANK0  005A
?___fltol                                 cstackBANK0  0062
?___wmul                                  cstackCOMMON 0070
?___xxtofl                                cstackCOMMON 0076
?_abs                                     cstackCOMMON 0076
?_calcular_promedio_temp                  cstackBANK0  0054
?_calcular_tendencia_temp                 cstackBANK0  0062
?_leer_lectura                            cstackCOMMON 0071
?_pronostico_temperatura                  cstackBANK0  0069
?_sprintf                                 cstackBANK0  0031
?_vfprintf                                cstackBANK0  002D
DHT22_read@bits                           cstackBANK0  0063
DHT22_read@dht_humedad                    cstackBANK0  005B
DHT22_read@dht_temperatura                cstackBANK0  005A
DHT22_read@i                              cstackBANK0  006A
DHT22_read@j                              cstackBANK0  006B
DHT22_read@rawhumidity                    cstackBANK0  0060
DHT22_read@rawtemperature                 cstackBANK0  0068
DHT22_read@result                         cstackBANK0  0062
EEPROM_Read@addr                          cstackCOMMON 0070
EEPROM_Write@addr                         cstackCOMMON 0071
EEPROM_Write@data                         cstackCOMMON 0070
I2C_Init_Master@sp_i2c                    cstackCOMMON 0070
I2C_Write@data                            cstackCOMMON 0070
Lcd_Cmd@cmd                               cstackCOMMON 0072
Lcd_Cmd@data_l                            cstackCOMMON 0074
Lcd_Cmd@data_u                            cstackCOMMON 0073
Lcd_Set_Cursor@address                    cstackCOMMON 0077
Lcd_Set_Cursor@col                        cstackCOMMON 0076
Lcd_Set_Cursor@row                        cstackCOMMON 0075
Lcd_Write_Char@c                          cstackCOMMON 0072
Lcd_Write_Char@data_l                     cstackCOMMON 0074
Lcd_Write_Char@data_u                     cstackCOMMON 0073
Lcd_Write_String@str                      cstackCOMMON 0075
_ANSEL                                    (abs)        0188
_ANSELH                                   (abs)        0189
_DHT22_init                               text39       1F17
_DHT22_read                               text34       0A51
_EEADR                                    (abs)        010D
_EECON2                                   (abs)        018D
_EEDAT                                    (abs)        010C
_EEPGD                                    (abs)        0C67
_EEPROM_Read                              text19       1F3A
_EEPROM_Write                             text4        1F55
_I2C_Init_Master                          text33       1F73
_I2C_Start                                text32       1F26
_I2C_Stop                                 text31       1F30
_I2C_Write                                text30       1F47
_INTCONbits                               (abs)        000B
_Lcd_Clear                                text28       1092
_Lcd_Cmd                                  text29       117C
_Lcd_Init                                 text27       1145
_Lcd_Set_Cursor                           text26       10A2
_Lcd_Write_Char                           text25       11BB
_Lcd_Write_String                         text24       10C8
_OPTION_REGbits                           (abs)        0081
_PIR1bits                                 (abs)        000C
_PORTAbits                                (abs)        0005
_PORTD                                    (abs)        0008
_PORTDbits                                (abs)        0008
_RD                                       (abs)        0C60
_SSPADD                                   (abs)        0093
_SSPBUF                                   (abs)        0013
_SSPCON                                   (abs)        0014
_SSPCON2                                  (abs)        0091
_SSPCON2bits                              (abs)        0091
_SSPSTAT                                  (abs)        0094
_TMR0                                     (abs)        0001
_TRISAbits                                (abs)        0085
_TRISCbits                                (abs)        0087
_TRISD                                    (abs)        0088
_WR                                       (abs)        0C61
_WREN                                     (abs)        0C62
__H__absolute__                           __absolute__ 0000
__Habs1                                   abs1         0000
__Hbank0                                  bank0        0000
__Hbank1                                  bank1        0000
__Hbank2                                  bank2        0000
__Hbank3                                  bank3        0000
__HbssBANK1                               bssBANK1     0000
__HbssBANK3                               bssBANK3     0000
__Hcinit                                  cinit        0800
__Hclrtext                                clrtext      0000
__Hcode                                   code         0000
__Hcommon                                 common       0000
__Hconfig                                 config       2008
__HcstackBANK0                            cstackBANK0  0000
__HcstackBANK1                            cstackBANK1  0000
__HcstackCOMMON                           cstackCOMMON 0000
__Heeprom_data                            eeprom_data  0000
__Hend_init                               end_init     0003
__Hfunctab                                functab      0000
__Hheap                                   heap         0000
__Hinit                                   init         0000
__Hintentry                               intentry     0000
__Hmaintext                               maintext     0000
__Hpowerup                                powerup      0000
__Hram                                    ram          0000
__Hreset_vec                              reset_vec    0000
__Hsfr0                                   sfr0         0000
__Hsfr1                                   sfr1         0000
__Hsfr2                                   sfr2         0000
__Hsfr3                                   sfr3         0000
__Hsivt                                   sivt         0000
__Hspace_0                                (abs)        2000
__Hspace_1                                (abs)        01C0
__Hspace_2                                (abs)        0000
__Hspace_3                                (abs)        0000
__Hspace_4                                (abs)        400F
__Hstack                                  stack        0000
__Hstrings                                strings      0000
__Htext                                   text         0000
__L__absolute__                           __absolute__ 0000
__Labs1                                   abs1         0000
__Lbank0                                  bank0        0000
__Lbank1                                  bank1        0000
__Lbank2                                  bank2        0000
__Lbank3                                  bank3        0000
__LbssBANK1                               bssBANK1     0000
__LbssBANK3                               bssBANK3     0000
__Lcinit                                  cinit        07EA
__Lclrtext                                clrtext      0000
__Lcode                                   code         0000
__Lcommon                                 common       0000
__Lconfig                                 config       0000
__LcstackBANK0                            cstackBANK0  0000
__LcstackBANK1                            cstackBANK1  0000
__LcstackCOMMON                           cstackCOMMON 0000
__Leeprom_data                            eeprom_data  0000
__Lend_init                               end_init     0000
__Lfunctab                                functab      0000
__Lheap                                   heap         0000
__Linit                                   init         0000
__Lintentry                               intentry     0000
__Lmaintext                               maintext     0000
__Lpowerup                                powerup      0000
__Lram                                    ram          0000
__Lreset_vec                              reset_vec    0000
__Lsfr0                                   sfr0         0000
__Lsfr1                                   sfr1         0000
__Lsfr2                                   sfr2         0000
__Lsfr3                                   sfr3         0000
__Lsivt                                   sivt         0000
__Lspace_0                                (abs)        0000
__Lspace_1                                (abs)        0000
__Lspace_2                                (abs)        0000
__Lspace_3                                (abs)        0000
__Lspace_4                                (abs)        0000
__Lstack                                  stack        0000
__Lstrings                                strings      0000
__Ltext                                   text         0000
__S0                                      (abs)        2000
__S1                                      (abs)        01C0
__S3                                      (abs)        0000
__Umul8_16                                text37       10EE
__Umul8_16@multiplicand                   cstackCOMMON 0070
__Umul8_16@multiplier                     cstackCOMMON 0078
__Umul8_16@product                        cstackCOMMON 0074
__Umul8_16@word_mpld                      cstackCOMMON 0076
___awdiv                                  text13       12AD
___awdiv@counter                          cstackCOMMON 0074
___awdiv@dividend                         cstackCOMMON 0072
___awdiv@divisor                          cstackCOMMON 0070
___awdiv@quotient                         cstackCOMMON 0076
___awdiv@sign                             cstackCOMMON 0075
___awmod                                  text12       11FA
___awmod@counter                          cstackCOMMON 0074
___awmod@dividend                         cstackCOMMON 0072
___awmod@divisor                          cstackCOMMON 0070
___awmod@sign                             cstackCOMMON 0075
___fladd                                  text21       0DB0
___fladd@a                                cstackBANK0  0044
___fladd@aexp                             cstackBANK0  0051
___fladd@b                                cstackBANK0  0040
___fladd@bexp                             cstackBANK0  0052
___fladd@grs                              cstackBANK0  0053
___fladd@signs                            cstackBANK0  0050
___fldiv                                  text38       0018
___fldiv@a                                cstackBANK0  0026
___fldiv@aexp                             cstackBANK0  003F
___fldiv@b                                cstackBANK0  002A
___fldiv@bexp                             cstackBANK0  003E
___fldiv@grs                              cstackBANK0  003A
___fldiv@new_exp                          cstackBANK0  0038
___fldiv@rem                              cstackBANK0  0033
___fldiv@sign                             cstackBANK0  0037
___flge                                   text23       1420
___flge@ff1                               cstackCOMMON 0070
___flge@ff2                               cstackCOMMON 0074
___flmul                                  text36       04A8
___flmul@a                                cstackBANK0  0044
___flmul@aexp                             cstackBANK0  0052
___flmul@b                                cstackBANK0  0040
___flmul@bexp                             cstackBANK0  0053
___flmul@grs                              cstackBANK0  004E
___flmul@prod                             cstackBANK0  0054
___flmul@sign                             cstackBANK0  004D
___flmul@temp                             cstackBANK0  0058
___flneg                                  text16       1087
___flneg@f1                               cstackCOMMON 0070
___flsub                                  text20       1F92
___flsub@a                                cstackBANK0  005A
___flsub@b                                cstackBANK0  005E
___fltol                                  text15       1310
___fltol@exp1                             cstackBANK0  006B
___fltol@f1                               cstackBANK0  0062
___fltol@sign1                            cstackBANK0  006A
___heap_hi                                (abs)        0000
___heap_lo                                (abs)        0000
___int_sp                                 stack        0000
___int_stack_hi                           stack        0000
___int_stack_lo                           stack        0000
___latbits                                (abs)        0002
___sp                                     stack        0000
___stack_hi                               stack        0000
___stack_lo                               stack        0000
___stackhi                                (abs)        0000
___stacklo                                (abs)        0000
___wmul                                   text14       1FB6
___wmul@multiplicand                      cstackCOMMON 0072
___wmul@multiplier                        cstackCOMMON 0070
___wmul@product                           cstackCOMMON 0074
___xxtofl                                 text35       14C2
___xxtofl@arg                             cstackBANK0  0022
___xxtofl@exp                             cstackBANK0  0021
___xxtofl@sign                            cstackBANK0  0020
___xxtofl@val                             cstackCOMMON 0076
__end_of_DHT22_init                       text39       1F1E
__end_of_DHT22_read                       text34       0BBC
__end_of_EEPROM_Read                      text19       1F47
__end_of_EEPROM_Write                     text4        1F73
__end_of_I2C_Init_Master                  text33       1F92
__end_of_I2C_Start                        text32       1F30
__end_of_I2C_Stop                         text31       1F3A
__end_of_I2C_Write                        text30       1F55
__end_of_Lcd_Clear                        text28       10A2
__end_of_Lcd_Cmd                          text29       11BB
__end_of_Lcd_Init                         text27       117C
__end_of_Lcd_Set_Cursor                   text26       10C8
__end_of_Lcd_Write_Char                   text25       11FA
__end_of_Lcd_Write_String                 text24       10EE
__end_of__Umul8_16                        text37       1115
__end_of___awdiv                          text13       1310
__end_of___awmod                          text12       1251
__end_of___fladd                          text21       1000
__end_of___fldiv                          text38       01E2
__end_of___flge                           text23       14C2
__end_of___flmul                          text36       07EA
__end_of___flneg                          text16       1092
__end_of___flsub                          text20       1FB6
__end_of___fltol                          text15       1386
__end_of___wmul                           text14       1FDB
__end_of___xxtofl                         text35       1578
__end_of__initialization                  cinit        07FC
__end_of__stringtab                       strings      1010
__end_of_abs                              text11       0018
__end_of_actualizar_leds                  text22       0923
__end_of_calcular_promedio_temp           text2        1716
__end_of_calcular_tendencia_temp          text17       0DB0
__end_of_float_to_string_dht22            text5        0A51
__end_of_fputc                            text9        1420
__end_of_guardar_lectura                  text3        1642
__end_of_leer_lectura                     text18       12AD
__end_of_main                             maintext     04A8
__end_of_pronostico_temperatura           text1        082B
__end_of_putch                            text10       0007
__end_of_sprintf                          text6        1145
__end_of_vfpfcnvrt                        text8        1800
__end_of_vfprintf                         text7        2000
__initialization                          cinit        07EA
__pbssBANK1                               bssBANK1     00C4
__pbssBANK3                               bssBANK3     0190
__pcstackBANK0                            cstackBANK0  0020
__pcstackBANK1                            cstackBANK1  00A0
__pcstackCOMMON                           cstackCOMMON 0070
__pmaintext                               maintext     01E2
__pstrings                                strings      1000
__ptext1                                  text1        0801
__ptext10                                 text10       0006
__ptext11                                 text11       0007
__ptext12                                 text12       11FA
__ptext13                                 text13       12AD
__ptext14                                 text14       1FB6
__ptext15                                 text15       1310
__ptext16                                 text16       1087
__ptext17                                 text17       0BBC
__ptext18                                 text18       1251
__ptext19                                 text19       1F3A
__ptext2                                  text2        1642
__ptext20                                 text20       1F92
__ptext21                                 text21       0DB0
__ptext22                                 text22       082B
__ptext23                                 text23       1420
__ptext24                                 text24       10C8
__ptext25                                 text25       11BB
__ptext26                                 text26       10A2
__ptext27                                 text27       1145
__ptext28                                 text28       1092
__ptext29                                 text29       117C
__ptext3                                  text3        1578
__ptext30                                 text30       1F47
__ptext31                                 text31       1F30
__ptext32                                 text32       1F26
__ptext33                                 text33       1F73
__ptext34                                 text34       0A51
__ptext35                                 text35       14C2
__ptext36                                 text36       04A8
__ptext37                                 text37       10EE
__ptext38                                 text38       0018
__ptext39                                 text39       1F17
__ptext4                                  text4        1F55
__ptext5                                  text5        0923
__ptext6                                  text6        1115
__ptext7                                  text7        1FDB
__ptext8                                  text8        1716
__ptext9                                  text9        1386
__stringbase                              strings      100F
__stringtab                               strings      1000
_abs                                      text11       0007
_actualizar_leds                          text22       082B
_actualizar_leds$209                      cstackCOMMON 007C
_buffer_hum                               bssBANK3     01B0
_buffer_tem                               bssBANK1     00D4
_calcular_promedio_temp                   text2        1642
_calcular_promedio_temp$178               cstackBANK0  0060
_calcular_tendencia_temp                  text17       0BBC
_contador_muestras                        bssBANK1     00CD
_dbuf                                     bssBANK3     0190
_dht11_aux                                bssBANK1     00D0
_dht11_byte                               bssBANK1     00C4
_flags                                    bssBANK1     00CF
_float_to_string_dht22                    text5        0923
_fputc                                    text9        1386
_guardar_lectura                          text3        1578
_indice_lectura                           bssBANK1     00D3
_leer_lectura                             text18       1251
_main                                     maintext     01E2
_prec                                     bssBANK1     00CB
_pronostico_temperatura                   text1        0801
_putch                                    text10       0006
_sprintf                                  text6        1115
_total_lecturas                           bssBANK1     00D2
_vfpfcnvrt                                text8        1716
_vfprintf                                 text7        1FDB
_width                                    bssBANK1     00C9
abs@a                                     cstackCOMMON 0076
actualizar_leds@hum                       cstackBANK0  0024
actualizar_leds@temp                      cstackBANK0  0020
actualizar_leds@tendencia                 cstackBANK0  0028
btemp                                     (abs)        007E
btemp0                                    (abs)        007E
btemp1                                    (abs)        007F
calcular_promedio_temp@i                  cstackBANK0  0068
calcular_promedio_temp@lec                cstackBANK0  005C
calcular_promedio_temp@n                  cstackBANK0  0067
calcular_promedio_temp@suma               cstackBANK0  0063
calcular_promedio_temp@ultimas_n          cstackBANK0  0062
calcular_tendencia_temp@i                 cstackBANK1  00B0
calcular_tendencia_temp@i_191             cstackBANK1  00B1
calcular_tendencia_temp@lec               cstackBANK1  00A0
calcular_tendencia_temp@lec_192           cstackBANK1  00A4
calcular_tendencia_temp@promedio_anterior cstackBANK1  00AC
calcular_tendencia_temp@promedio_reciente cstackBANK1  00A8
clear_ram0                                clrtext      1F1E
end_of_initialization                     cinit        07FC
float_to_string_dht22@buffer              cstackBANK1  00A4
float_to_string_dht22@negativo            cstackBANK1  00A6
float_to_string_dht22@parte_decimal       cstackBANK1  00A7
float_to_string_dht22@parte_entera        cstackBANK1  00A9
float_to_string_dht22@value               cstackBANK1  00A0
fputc@c                                   cstackCOMMON 0070
fputc@fp                                  cstackCOMMON 0072
guardar_lectura@base_addr                 cstackBANK1  00AC
guardar_lectura@hum                       cstackBANK1  00A4
guardar_lectura@hum_int                   cstackBANK1  00AA
guardar_lectura@temp                      cstackBANK1  00A0
guardar_lectura@temp_int                  cstackBANK1  00A8
intlevel0                                 functab      0000
intlevel1                                 functab      0000
intlevel2                                 functab      0000
intlevel3                                 functab      0000
intlevel4                                 functab      0000
intlevel5                                 functab      0000
leer_lectura@base_addr                    cstackBANK0  0029
leer_lectura@hum_int                      cstackBANK0  0022
leer_lectura@index                        cstackBANK0  0024
leer_lectura@lec                          cstackBANK0  0025
leer_lectura@temp_int                     cstackBANK0  0020
ltemp0a                                   (abs)        0080
main@ciclos                               bssBANK1     00D1
main@hum                                  cstackBANK1  00C0
main@intentos                             cstackBANK1  00B6
main@mostrar_pronostico                   cstackBANK1  00B7
main@pronostico                           cstackBANK1  00B2
main@tem                                  cstackBANK1  00BC
main@tendencia                            cstackBANK1  00B8
reset_vec                                 reset_vec    0000
sprintf@ap                                cstackBANK0  003B
sprintf@f                                 cstackBANK0  003C
sprintf@fmt                               cstackBANK0  0033
sprintf@s                                 cstackBANK0  0031
start                                     init         0000
start_initialization                      cinit        07EA
ttemp0a                                   (abs)        007F
vfpfcnvrt@ap                              cstackBANK0  0023
vfpfcnvrt@c                               cstackBANK0  002C
vfpfcnvrt@convarg                         cstackBANK0  0028
vfpfcnvrt@cp                              cstackBANK0  0027
vfpfcnvrt@done                            cstackBANK0  0026
vfpfcnvrt@fmt                             cstackBANK0  0022
vfpfcnvrt@fp                              cstackBANK0  0020
vfprintf@ap                               cstackBANK0  0030
vfprintf@cfmt                             cstackCOMMON 007D
vfprintf@fmt                              cstackBANK0  002F
vfprintf@fp                               cstackBANK0  002D
wtemp0                                    (abs)        007E
wtemp0a                                   (abs)        007F


MODULE INFORMATION

Module		Function		Class		Link	Load	Size
C:\Program Files\Microchip\xc8\v3.10\pic\sources\c99\common\flge.c
		___flge        		CODE           	1420	0000	162

C:\Program Files\Microchip\xc8\v3.10\pic\sources\c99\common\flge.c estimated size: 162

C:\Program Files\Microchip\xc8\v3.10\pic\sources\c99\common\awmod.c
		___awmod       		CODE           	11FA	0000	87

C:\Program Files\Microchip\xc8\v3.10\pic\sources\c99\common\awmod.c estimated size: 87

C:\Program Files\Microchip\xc8\v3.10\pic\sources\c99\common\putch.c
		_putch         		CODE           	0006	0000	1

C:\Program Files\Microchip\xc8\v3.10\pic\sources\c99\common\putch.c estimated size: 1

C:\Program Files\Microchip\xc8\v3.10\pic\sources\c99\common\abs.c
		_abs           		CODE           	0007	0000	17

C:\Program Files\Microchip\xc8\v3.10\pic\sources\c99\common\abs.c estimated size: 17

i2c.c
		_I2C_Init_Master		CODE           	1F73	0000	31
		_I2C_Write     		CODE           	1F47	0000	14
		_I2C_Stop      		CODE           	1F30	0000	10
		_I2C_Start     		CODE           	1F26	0000	10

i2c.c estimated size: 65

lcd_i2c.c
		_Lcd_Write_String		CODE           	10C8	0000	38
		_Lcd_Init      		CODE           	1145	0000	55
		_Lcd_Write_Char		CODE           	11BB	0000	63
		_Lcd_Cmd       		CODE           	117C	0000	63
		_Lcd_Set_Cursor		CODE           	10A2	0000	38
		_Lcd_Clear     		CODE           	1092	0000	16

lcd_i2c.c estimated size: 273

C:\Program Files\Microchip\xc8\v3.10\pic\sources\c99\common\awdiv.c
		___awdiv       		CODE           	12AD	0000	99

C:\Program Files\Microchip\xc8\v3.10\pic\sources\c99\common\awdiv.c estimated size: 99

C:\Program Files\Microchip\xc8\v3.10\pic\sources\c99\common\fltol.c
		___fltol       		CODE           	1310	0000	118

C:\Program Files\Microchip\xc8\v3.10\pic\sources\c99\common\fltol.c estimated size: 118

C:\Program Files\Microchip\xc8\v3.10\pic\sources\c99\common\sprcmul.c
		___flmul       		CODE           	04A8	0000	834

C:\Program Files\Microchip\xc8\v3.10\pic\sources\c99\common\sprcmul.c estimated size: 834

C:\Program Files\Microchip\xc8\v3.10\pic\sources\c99\common\Umul8_16.c
		__Umul8_16     		CODE           	10EE	0000	39

C:\Program Files\Microchip\xc8\v3.10\pic\sources\c99\common\Umul8_16.c estimated size: 39

C:\Program Files\Microchip\xc8\v3.10\pic\sources\c99\common\nf_sprintf.c
		_sprintf       		CODE           	1115	0000	48

C:\Program Files\Microchip\xc8\v3.10\pic\sources\c99\common\nf_sprintf.c estimated size: 48

C:\Program Files\Microchip\xc8\v3.10\pic\sources\c99\common\xxtofl.c
		___xxtofl      		CODE           	14C2	0000	182

C:\Program Files\Microchip\xc8\v3.10\pic\sources\c99\common\xxtofl.c estimated size: 182

C:\Program Files\Microchip\xc8\v3.10\pic\sources\c99\common\sprcdiv.c
		___fldiv       		CODE           	0018	0000	458

C:\Program Files\Microchip\xc8\v3.10\pic\sources\c99\common\sprcdiv.c estimated size: 458

shared
		__stringtab    		STRING         	1000	0000	16
		__initialization		CODE           	07EA	0000	18

shared estimated size: 34

C:\Program Files\Microchip\xc8\v3.10\pic\sources\c99\common\nf_fputc.c
		_fputc         		CODE           	1386	0000	154

C:\Program Files\Microchip\xc8\v3.10\pic\sources\c99\common\nf_fputc.c estimated size: 154

lcd.c
		_guardar_lectura		CODE           	1578	0000	202
		_EEPROM_Read   		CODE           	1F3A	0000	13
		_EEPROM_Write  		CODE           	1F55	0000	30
		_main          		CODE           	01E2	0000	710
		_float_to_string_dht22		CODE           	0923	0000	302
		_leer_lectura  		CODE           	1251	0000	92
		_calcular_tendencia_temp		CODE           	0BBC	0000	500
		_calcular_promedio_temp		CODE           	1642	0000	212
		_pronostico_temperatura		CODE           	0801	0000	42
		_actualizar_leds		CODE           	082B	0000	248

lcd.c estimated size: 2351

C:\Program Files\Microchip\xc8\v3.10\pic\sources\c99\common\flneg.c
		___flneg       		CODE           	1087	0000	11

C:\Program Files\Microchip\xc8\v3.10\pic\sources\c99\common\flneg.c estimated size: 11

C:\Program Files\Microchip\xc8\v3.10\pic\sources\c99\common\doprnt.c
		_vfpfcnvrt     		CODE           	1716	0000	234
		_vfprintf      		CODE           	1FDB	0000	37

C:\Program Files\Microchip\xc8\v3.10\pic\sources\c99\common\doprnt.c estimated size: 271

dht22.c
		_DHT22_init    		CODE           	1F17	0000	7
		_DHT22_read    		CODE           	0A51	0000	363

dht22.c estimated size: 370

C:\Program Files\Microchip\xc8\v3.10\pic\sources\c99\common\sprcadd.c
		___flsub       		CODE           	1F92	0000	36
		___fladd       		CODE           	0DB0	0000	592

C:\Program Files\Microchip\xc8\v3.10\pic\sources\c99\common\sprcadd.c estimated size: 628

C:\Program Files\Microchip\xc8\v3.10\pic\sources\c99\common\Umul16.c
		___wmul        		CODE           	1FB6	0000	37

C:\Program Files\Microchip\xc8\v3.10\pic\sources\c99\common\Umul16.c estimated size: 37

