Microchip MPLAB XC8 Compiler V3.10

Linker command line:

-W-3 \
  --edf=C:\Program Files\Microchip\xc8\v3.10\pic\dat\20250813170317_en.msgs \
  -cn -h+dist/default/production\lcd.X.production.sym \
  --cmf=dist/default/production\lcd.X.production.cmf -z -Q16F887 \
  -oC:\Users\jhona\AppData\Local\Temp\xcAs7lo.0\driver_tmp_3.o \
  --defsym=__MPLAB_BUILD=1 --fixupoverflow=error \
  -Mdist/default/production/lcd.X.production.map \
  --md=C:\Users\jhona\AppData\Local\Temp\xcAs7lo.0\driver_tmp_0.dat -E1 \
  -ver=XC8 Compiler -ACODE=00h-07FFhx4 -ASTRCODE=00h-01FFFh \
  -ASTRING=00h-0FFhx32 -ACONST=00h-0FFhx32 -AENTRY=00h-0FFhx32 \
  -ACOMMON=070h-07Fh -ABANK0=020h-06Fh -ABANK1=0A0h-0EFh \
  -ABANK2=0110h-016Fh -ABANK3=0190h-01EFh \
  -ARAM=020h-06Fh,0A0h-0EFh,0110h-016Fh,0190h-01EFh \
  -AABS1=020h-07Fh,0A0h-0EFh,0110h-016Fh,0190h-01EFh -ASFR0=00h-01Fh \
  -ASFR1=080h-09Fh -ASFR2=0100h-010Fh -ASFR3=0180h-018Fh \
  -ACONFIG=02007h-02008h -DCONFIG=2 -AIDLOC=02000h-02003h -DIDLOC=2 \
  -AEEDATA=00h-0FFh/02100h -peeprom_data=EEDATA -DEEDATA=2 -DCODE=2 \
  -DSTRCODE=2 -DSTRING=2 -DCONST=2 -DENTRY=2 \
  -preset_vec=00h,intentry,sivt,init,end_init -ppowerup=CODE -pcinit=CODE \
  -pfunctab=ENTRY -k \
  C:\Users\jhona\AppData\Local\Temp\xcAs7lo.0\driver_tmp_17.o \
  dist/default/production\lcd.X.production.o 

Object code version is 3.11

Machine type is 16F887



                Name                               Link     Load   Length Selector   Space Scale
C:\Users\jhona\AppData\Local\Temp\xcAs7lo.0\driver_tmp_17.o
                end_init                              0        0        3        0       0
                config                             2007     2007        2        0       4
dist/default/production\lcd.X.production.o
                cinit                               7EA      7EA       16      FD4       0
                config                             2007     2007        2        0       4
                text44                             118E     118E       1F     231C       0
                text43                             10FC     10FC        A     21F8       0
                text42                             1106     1106        A     220C       0
                text41                             1153     1153       12     22A6       0
                text40                             134C     134C       49     2698       0
                text39                             1131     1131       11     2262       0
                text38                             1313     1313       39     2626       0
                text37                             1267     1267       28     24CE       0
                text36                             1395     1395       49     272A       0
                text35                             128F     128F       28     251E       0
                text34                             1219     1219       27     2432       0
                text33                              102      102      342      204       0
                text32                              DB0      DB0      250     1B60       0
                text31                             11D0     11D0       24     23A0       0
                text30                              8A6      8A6       76     114C       0
                text29                              89C      89C        A     1138       0
                text28                              BE6      BE6      1CA     17CC       0
                text27                              91C      91C       B4     1238       0
                text26                             1240     1240       27     2480       0
                text25                              A9D      A9D      149     153A       0
                text24                             1110     1110        B     2220       0
                text23                             111B     111B        B     2236       0
                text22                             1126     1126        B     224C       0
                text21                             1165     1165       13     22CA       0
                text20                             1178     1178       16     22F0       0
                text19                             16D2     16D2       94     2DA4       0
                text18                             163F     163F       93     2C7E       0
                text17                             1581     1581       5B     2B02       0
                text16                             15DC     15DC       63     2BB8       0
                text15                             14D3     14D3       57     29A6       0
                text14                             12E2     12E2       31     25C4       0
                text13                             13DE     13DE       50     27BC       0
                text12                             142E     142E       52     285C       0
                text11                             1142     1142       11     2284       0
                text10                             10F3     10F3        1     21E6       0
                text9                              1766     1766       9A     2ECC       0
                text8                              12B7     12B7       2B     256E       0
                text7                              152A     152A       57     2A54       0
                text6                               9D0      9D0       CD     13A0       0
                text5                              11F4     11F4       25     23E8       0
                text4                              1480     1480       53     2900       0
                text3                                26       26       DC       4C       0
                text2                              11AD     11AD       23     235A       0
                text1                                 3        3       23        0       0
                maintext                            444      444      3A6      888       0
                cstackBANK0                          20       20       50       20       1
                cstackCOMMON                         70       70        E       70       1
                cstackBANK1                          A0       A0       3B       A0       1
                clrtext                            10F4     10F4        8     21E8       0
                bssBANK3                            190      190       20      190       1
                bssBANK1                             DB       DB        B       A0       1
                strings                             800      800       9C     1000       0

TOTAL           Name                               Link     Load   Length     Space
        CLASS   CODE           
                end_init                              0        0        3         0
                cinit                               7EA      7EA       16         0
                text44                             118E     118E       1F         0
                text43                             10FC     10FC        A         0
                text42                             1106     1106        A         0
                text41                             1153     1153       12         0
                text40                             134C     134C       49         0
                text39                             1131     1131       11         0
                text38                             1313     1313       39         0
                text37                             1267     1267       28         0
                text36                             1395     1395       49         0
                text35                             128F     128F       28         0
                text34                             1219     1219       27         0
                text33                              102      102      342         0
                text32                              DB0      DB0      250         0
                text31                             11D0     11D0       24         0
                text30                              8A6      8A6       76         0
                text29                              89C      89C        A         0
                text28                              BE6      BE6      1CA         0
                text27                              91C      91C       B4         0
                text26                             1240     1240       27         0
                text25                              A9D      A9D      149         0
                text24                             1110     1110        B         0
                text23                             111B     111B        B         0
                text22                             1126     1126        B         0
                text21                             1165     1165       13         0
                text20                             1178     1178       16         0
                text19                             16D2     16D2       94         0
                text18                             163F     163F       93         0
                text17                             1581     1581       5B         0
                text16                             15DC     15DC       63         0
                text15                             14D3     14D3       57         0
                text14                             12E2     12E2       31         0
                text13                             13DE     13DE       50         0
                text12                             142E     142E       52         0
                text11                             1142     1142       11         0
                text10                             10F3     10F3        1         0
                text9                              1766     1766       9A         0
                text8                              12B7     12B7       2B         0
                text7                              152A     152A       57         0
                text6                               9D0      9D0       CD         0
                text5                              11F4     11F4       25         0
                text4                              1480     1480       53         0
                text3                                26       26       DC         0
                text2                              11AD     11AD       23         0
                text1                                 3        3       23         0
                maintext                            444      444      3A6         0
                clrtext                            10F4     10F4        8         0

        CLASS   STRCODE        

        CLASS   STRING         
                strings                             800      800       9C         0

        CLASS   CONST          

        CLASS   ENTRY          

        CLASS   COMMON         
                cstackCOMMON                         70       70        E         1

        CLASS   BANK0          
                cstackBANK0                          20       20       50         1

        CLASS   BANK1          
                cstackBANK1                          A0       A0       3B         1
                bssBANK1                             DB       DB        B         1

        CLASS   BANK2          

        CLASS   BANK3          
                bssBANK3                            190      190       20         1

        CLASS   RAM            

        CLASS   ABS1           
                abs_s1                               7E       7E        2         1

        CLASS   SFR0           

        CLASS   SFR1           

        CLASS   SFR2           

        CLASS   SFR3           

        CLASS   CONFIG         
                config                             2007     2007        2         4

        CLASS   IDLOC          

        CLASS   EEDATA         

        CLASS   HEAP           

        CLASS   STACK          



SEGMENTS        Name                           Load    Length   Top    Selector   Space  Class     Delta

                reset_vec                      000000  000026  000026         0       0  CODE        2
                cstackBANK0                    000020  000050  000070        20       1  BANK0       1
                text3                          000026  0000DC  000102        4C       0  CODE        2
                cstackCOMMON                   000070  00000E  00007E        70       1  COMMON      1
                cstackBANK1                    0000A0  000046  0000E6        A0       1  BANK1       1
                bssBANK3                       000190  000020  0001B0       190       1  BANK3       1
                text33                         000102  000342  000444       204       0  CODE        2
                maintext                       000444  0003A6  0007EA       888       0  CODE        2
                cinit                          0007EA  000016  000800       FD4       0  CODE        2
                strings                        000800  00009C  00089C      1000       0  STRING      2
                text29                         00089C  00000A  0008A6      1138       0  CODE        2
                text30                         0008A6  000076  00091C      114C       0  CODE        2
                text27                         00091C  0000B4  0009D0      1238       0  CODE        2
                text6                          0009D0  0000CD  000A9D      13A0       0  CODE        2
                text25                         000A9D  000149  000BE6      153A       0  CODE        2
                text28                         000BE6  0001CA  000DB0      17CC       0  CODE        2
                text32                         000DB0  000250  001000      1B60       0  CODE        2
                text10                         0010F3  000001  0010F4      21E6       0  CODE        2
                clrtext                        0010F4  000008  0010FC      21E8       0  CODE        2
                text43                         0010FC  00000A  001106      21F8       0  CODE        2
                text42                         001106  00000A  001110      220C       0  CODE        2
                text24                         001110  00000B  00111B      2220       0  CODE        2
                text23                         00111B  00000B  001126      2236       0  CODE        2
                text22                         001126  00000B  001131      224C       0  CODE        2
                text39                         001131  000011  001142      2262       0  CODE        2
                text11                         001142  000011  001153      2284       0  CODE        2
                text41                         001153  000012  001165      22A6       0  CODE        2
                text21                         001165  000013  001178      22CA       0  CODE        2
                text20                         001178  000016  00118E      22F0       0  CODE        2
                text44                         00118E  00001F  0011AD      231C       0  CODE        2
                text2                          0011AD  000023  0011D0      235A       0  CODE        2
                text31                         0011D0  000024  0011F4      23A0       0  CODE        2
                text5                          0011F4  000025  001219      23E8       0  CODE        2
                text34                         001219  000027  001240      2432       0  CODE        2
                text26                         001240  000027  001267      2480       0  CODE        2
                text37                         001267  000028  00128F      24CE       0  CODE        2
                text35                         00128F  000028  0012B7      251E       0  CODE        2
                text8                          0012B7  00002B  0012E2      256E       0  CODE        2
                text14                         0012E2  000031  001313      25C4       0  CODE        2
                text38                         001313  000039  00134C      2626       0  CODE        2
                text40                         00134C  000049  001395      2698       0  CODE        2
                text36                         001395  000049  0013DE      272A       0  CODE        2
                text13                         0013DE  000050  00142E      27BC       0  CODE        2
                text12                         00142E  000052  001480      285C       0  CODE        2
                text4                          001480  000053  0014D3      2900       0  CODE        2
                text15                         0014D3  000057  00152A      29A6       0  CODE        2
                text7                          00152A  000057  001581      2A54       0  CODE        2
                text17                         001581  00005B  0015DC      2B02       0  CODE        2
                text16                         0015DC  000063  00163F      2BB8       0  CODE        2
                text18                         00163F  000093  0016D2      2C7E       0  CODE        2
                text19                         0016D2  000094  001766      2DA4       0  CODE        2
                text9                          001766  00009A  001800      2ECC       0  CODE        2


UNUSED ADDRESS RANGES

        Name                Unused          Largest block    Delta
        BANK1            00E6-00EF              A           1
        BANK2            0110-016F             60           1
        BANK3            01B0-01EF             40           1
        CODE             1000-10F2             F3           2
                         1800-1FFF            800
        CONST            1000-10F2             F3           2
                         1800-1FFF            100
        EEDATA           2100-21FF            100           2
        ENTRY            1000-10F2             F3           2
                         1800-1FFF            100
        IDLOC            2000-2003              4           2
        RAM              00E6-00EF              A           1
                         0110-016F             60
                         01B0-01EF             40
        SFR0             0000-001F             20           1
        SFR1             0080-009F             20           1
        SFR2             0100-010F             10           1
        SFR3             0180-018F             10           1
        STRCODE          1000-10F2             F3           2
                         1800-1FFF            800
        STRING           1000-10F2             F3           2
                         1800-1FFF            100

                                  Symbol Table

?__Umul8_16                 cstackCOMMON 0070
?___awdiv                   cstackCOMMON 0070
?___awmod                   cstackCOMMON 0070
?___fladd                   cstackBANK0  003A
?___fldiv                   cstackBANK0  0020
?___flmul                   cstackBANK0  0056
?___flsub                   cstackBANK0  004E
?___fltol                   cstackBANK1  00A0
?___wmul                    cstackCOMMON 0070
?___xxtofl                  cstackCOMMON 0070
?_abs                       cstackCOMMON 0076
?_read_prec_or_width        cstackCOMMON 0076
?_sprintf                   cstackBANK0  004C
?_vfprintf                  cstackBANK0  0047
I2C_Init_Master@sp_i2c      cstackCOMMON 0070
I2C_Write@data              cstackBANK0  0020
Lcd_Cmd@cmd                 cstackBANK0  0022
Lcd_Cmd@data_l              cstackBANK0  0024
Lcd_Cmd@data_u              cstackBANK0  0023
Lcd_Set_Cursor@address      cstackBANK0  0027
Lcd_Set_Cursor@col          cstackBANK0  0026
Lcd_Set_Cursor@row          cstackBANK0  0025
Lcd_Write_Char@c            cstackBANK0  0022
Lcd_Write_Char@data_l       cstackBANK0  0024
Lcd_Write_Char@data_u       cstackBANK0  0023
Lcd_Write_String@str        cstackBANK0  0025
_ANSEL                      (abs)        0188
_ANSELH                     (abs)        0189
_I2C_Ack                    text24       1110
_I2C_Init_Master            text44       118E
_I2C_Nack                   text23       111B
_I2C_Read                   text22       1126
_I2C_Start                  text43       10FC
_I2C_Stop                   text42       1106
_I2C_Write                  text41       1153
_Lcd_Clear                  text39       1131
_Lcd_Cmd                    text40       134C
_Lcd_Init                   text38       1313
_Lcd_Set_Cursor             text37       1267
_Lcd_Write_Char             text36       1395
_Lcd_Write_String           text35       128F
_OPTION_REGbits             (abs)        0081
_PIR1bits                   (abs)        000C
_PORTAbits                  (abs)        0005
_SSPADD                     (abs)        0093
_SSPBUF                     (abs)        0013
_SSPCON                     (abs)        0014
_SSPCON2                    (abs)        0091
_SSPCON2bits                (abs)        0091
_SSPSTAT                    (abs)        0094
_TMR0                       (abs)        0001
_TRISAbits                  (abs)        0085
_TRISCbits                  (abs)        0087
__H__absolute__             __absolute__ 0000
__Habs1                     abs1         0000
__Hbank0                    bank0        0000
__Hbank1                    bank1        0000
__Hbank2                    bank2        0000
__Hbank3                    bank3        0000
__HbssBANK1                 bssBANK1     0000
__HbssBANK3                 bssBANK3     0000
__Hcinit                    cinit        0800
__Hclrtext                  clrtext      0000
__Hcode                     code         0000
__Hcommon                   common       0000
__Hconfig                   config       2009
__HcstackBANK0              cstackBANK0  0000
__HcstackBANK1              cstackBANK1  0000
__HcstackCOMMON             cstackCOMMON 0000
__Heeprom_data              eeprom_data  0000
__Hend_init                 end_init     0003
__Hfunctab                  functab      0000
__Hheap                     heap         0000
__Hinit                     init         0000
__Hintentry                 intentry     0000
__Hmaintext                 maintext     0000
__Hpowerup                  powerup      0000
__Hram                      ram          0000
__Hreset_vec                reset_vec    0000
__Hsfr0                     sfr0         0000
__Hsfr1                     sfr1         0000
__Hsfr2                     sfr2         0000
__Hsfr3                     sfr3         0000
__Hsivt                     sivt         0000
__Hspace_0                  (abs)        1800
__Hspace_1                  (abs)        01B0
__Hspace_2                  (abs)        0000
__Hspace_3                  (abs)        0000
__Hspace_4                  (abs)        4010
__Hstack                    stack        0000
__Hstrings                  strings      0000
__Htext                     text         0000
__L__absolute__             __absolute__ 0000
__Labs1                     abs1         0000
__Lbank0                    bank0        0000
__Lbank1                    bank1        0000
__Lbank2                    bank2        0000
__Lbank3                    bank3        0000
__LbssBANK1                 bssBANK1     0000
__LbssBANK3                 bssBANK3     0000
__Lcinit                    cinit        07EA
__Lclrtext                  clrtext      0000
__Lcode                     code         0000
__Lcommon                   common       0000
__Lconfig                   config       0000
__LcstackBANK0              cstackBANK0  0000
__LcstackBANK1              cstackBANK1  0000
__LcstackCOMMON             cstackCOMMON 0000
__Leeprom_data              eeprom_data  0000
__Lend_init                 end_init     0000
__Lfunctab                  functab      0000
__Lheap                     heap         0000
__Linit                     init         0000
__Lintentry                 intentry     0000
__Lmaintext                 maintext     0000
__Lpowerup                  powerup      0000
__Lram                      ram          0000
__Lreset_vec                reset_vec    0000
__Lsfr0                     sfr0         0000
__Lsfr1                     sfr1         0000
__Lsfr2                     sfr2         0000
__Lsfr3                     sfr3         0000
__Lsivt                     sivt         0000
__Lspace_0                  (abs)        0000
__Lspace_1                  (abs)        0000
__Lspace_2                  (abs)        0000
__Lspace_3                  (abs)        0000
__Lspace_4                  (abs)        0000
__Lstack                    stack        0000
__Lstrings                  strings      0000
__Ltext                     text         0000
__S0                        (abs)        1800
__S1                        (abs)        01B0
__S3                        (abs)        0000
__Umul8_16                  text34       1219
__Umul8_16@multiplicand     cstackCOMMON 0070
__Umul8_16@multiplier       cstackCOMMON 0078
__Umul8_16@product          cstackCOMMON 0074
__Umul8_16@word_mpld        cstackCOMMON 0076
___awdiv                    text16       15DC
___awdiv@counter            cstackCOMMON 0074
___awdiv@dividend           cstackCOMMON 0072
___awdiv@divisor            cstackCOMMON 0070
___awdiv@quotient           cstackCOMMON 0076
___awdiv@sign               cstackCOMMON 0075
___awmod                    text15       14D3
___awmod@counter            cstackCOMMON 0074
___awmod@dividend           cstackCOMMON 0072
___awmod@divisor            cstackCOMMON 0070
___awmod@sign               cstackCOMMON 0075
___bmul                     text21       1165
___bmul@multiplicand        cstackCOMMON 0070
___bmul@multiplier          cstackCOMMON 0072
___bmul@product             cstackCOMMON 0071
___fladd                    text32       0DB0
___fladd@a                  cstackBANK0  003E
___fladd@aexp               cstackBANK0  004B
___fladd@b                  cstackBANK0  003A
___fladd@bexp               cstackBANK0  004C
___fladd@grs                cstackBANK0  004D
___fladd@signs              cstackBANK0  004A
___fldiv                    text28       0BE6
___fldiv@a                  cstackBANK0  0020
___fldiv@aexp               cstackBANK0  0039
___fldiv@b                  cstackBANK0  0024
___fldiv@bexp               cstackBANK0  0038
___fldiv@grs                cstackBANK0  0034
___fldiv@new_exp            cstackBANK0  0032
___fldiv@rem                cstackBANK0  002D
___fldiv@sign               cstackBANK0  0031
___flmul                    text33       0102
___flmul@a                  cstackBANK0  005A
___flmul@aexp               cstackBANK0  0068
___flmul@b                  cstackBANK0  0056
___flmul@bexp               cstackBANK0  0069
___flmul@grs                cstackBANK0  0064
___flmul@prod               cstackBANK0  006A
___flmul@sign               cstackBANK0  0063
___flmul@temp               cstackBANK0  006E
___flsub                    text31       11D0
___flsub@a                  cstackBANK0  004E
___flsub@b                  cstackBANK0  0052
___fltol                    text30       08A6
___fltol@exp1               cstackBANK1  00A9
___fltol@f1                 cstackBANK1  00A0
___fltol@sign1              cstackBANK1  00A8
___heap_hi                  (abs)        0000
___heap_lo                  (abs)        0000
___int_sp                   stack        0000
___int_stack_hi             stack        0000
___int_stack_lo             stack        0000
___latbits                  (abs)        0002
___sp                       stack        0000
___stack_hi                 stack        0000
___stack_lo                 stack        0000
___stackhi                  (abs)        0000
___stacklo                  (abs)        0000
___wmul                     text5        11F4
___wmul@multiplicand        cstackCOMMON 0072
___wmul@multiplier          cstackCOMMON 0070
___wmul@product             cstackCOMMON 0074
___xxtofl                   text27       091C
___xxtofl@arg               cstackCOMMON 007A
___xxtofl@exp               cstackCOMMON 0079
___xxtofl@sign              cstackCOMMON 0078
___xxtofl@val               cstackCOMMON 0070
__end_of_I2C_Ack            text24       111B
__end_of_I2C_Init_Master    text44       11AD
__end_of_I2C_Nack           text23       1126
__end_of_I2C_Read           text22       1131
__end_of_I2C_Start          text43       1106
__end_of_I2C_Stop           text42       1110
__end_of_I2C_Write          text41       1165
__end_of_Lcd_Clear          text39       1142
__end_of_Lcd_Cmd            text40       1395
__end_of_Lcd_Init           text38       134C
__end_of_Lcd_Set_Cursor     text37       128F
__end_of_Lcd_Write_Char     text36       13DE
__end_of_Lcd_Write_String   text35       12B7
__end_of__Umul8_16          text34       1240
__end_of___awdiv            text16       163F
__end_of___awmod            text15       152A
__end_of___bmul             text21       1178
__end_of___fladd            text32       1000
__end_of___fldiv            text28       0DB0
__end_of___flmul            text33       0444
__end_of___flsub            text31       11F4
__end_of___fltol            text30       091C
__end_of___wmul             text5        1219
__end_of___xxtofl           text27       09D0
__end_of__initialization    cinit        07FC
__end_of__stringtab         strings      0810
__end_of_abs                text11       1153
__end_of_bcd_to_dec         text20       118E
__end_of_dec_to_bcd         text14       1313
__end_of_dht11_config       text29       08A6
__end_of_dht11_read         text25       0BE6
__end_of_dht11_read_byte    text26       1267
__end_of_ds1307_get_date    text19       1766
__end_of_ds1307_get_time    text18       16D2
__end_of_ds1307_init        text17       15DC
__end_of_ds1307_set_date    text13       142E
__end_of_ds1307_set_time    text12       1480
__end_of_dtoa               text6        0A9D
__end_of_fputc              text9        1800
__end_of_fputs              text8        12E2
__end_of_main               maintext     07EA
__end_of_pad                text7        1581
__end_of_putch              text10       10F4
__end_of_read_prec_or_width text4        14D3
__end_of_sprintf            text1        0026
__end_of_vfpfcnvrt          text3        0102
__end_of_vfprintf           text2        11D0
__initialization            cinit        07EA
__pbssBANK1                 bssBANK1     00DB
__pbssBANK3                 bssBANK3     0190
__pcstackBANK0              cstackBANK0  0020
__pcstackBANK1              cstackBANK1  00A0
__pcstackCOMMON             cstackCOMMON 0070
__pmaintext                 maintext     0444
__pstrings                  strings      0800
__ptext1                    text1        0003
__ptext10                   text10       10F3
__ptext11                   text11       1142
__ptext12                   text12       142E
__ptext13                   text13       13DE
__ptext14                   text14       12E2
__ptext15                   text15       14D3
__ptext16                   text16       15DC
__ptext17                   text17       1581
__ptext18                   text18       163F
__ptext19                   text19       16D2
__ptext2                    text2        11AD
__ptext20                   text20       1178
__ptext21                   text21       1165
__ptext22                   text22       1126
__ptext23                   text23       111B
__ptext24                   text24       1110
__ptext25                   text25       0A9D
__ptext26                   text26       1240
__ptext27                   text27       091C
__ptext28                   text28       0BE6
__ptext29                   text29       089C
__ptext3                    text3        0026
__ptext30                   text30       08A6
__ptext31                   text31       11D0
__ptext32                   text32       0DB0
__ptext33                   text33       0102
__ptext34                   text34       1219
__ptext35                   text35       128F
__ptext36                   text36       1395
__ptext37                   text37       1267
__ptext38                   text38       1313
__ptext39                   text39       1131
__ptext4                    text4        1480
__ptext40                   text40       134C
__ptext41                   text41       1153
__ptext42                   text42       1106
__ptext43                   text43       10FC
__ptext44                   text44       118E
__ptext5                    text5        11F4
__ptext6                    text6        09D0
__ptext7                    text7        152A
__ptext8                    text8        12B7
__ptext9                    text9        1766
__stringbase                strings      080F
__stringtab                 strings      0800
_abs                        text11       1142
_bcd_to_dec                 text20       1178
_dbuf                       bssBANK3     0190
_dec_to_bcd                 text14       12E2
_dht11_aux                  bssBANK1     00E5
_dht11_byte                 bssBANK1     00DB
_dht11_config               text29       089C
_dht11_read                 text25       0A9D
_dht11_read_byte            text26       1240
_ds1307_get_date            text19       16D2
_ds1307_get_time            text18       163F
_ds1307_init                text17       1581
_ds1307_set_date            text13       13DE
_ds1307_set_time            text12       142E
_dtoa                       text6        09D0
_dtoa$936                   cstackBANK0  0033
_flags                      bssBANK1     00E4
_fputc                      text9        1766
_fputs                      text8        12B7
_main                       maintext     0444
_pad                        text7        152A
_prec                       bssBANK1     00E2
_putch                      text10       10F3
_read_prec_or_width         text4        1480
_sprintf                    text1        0003
_vfpfcnvrt                  text3        0026
_vfprintf                   text2        11AD
_width                      bssBANK1     00E0
abs@a                       cstackCOMMON 0076
bcd_to_dec@val              cstackCOMMON 0075
btemp                       (abs)        007E
btemp0                      (abs)        007E
btemp1                      (abs)        007F
clear_ram0                  clrtext      10F4
dec_to_bcd@decenas          cstackCOMMON 007A
dec_to_bcd@unidades         cstackCOMMON 007B
dec_to_bcd@val              cstackCOMMON 007C
dht11_read@checksum         cstackBANK0  0058
dht11_read@i                cstackBANK0  0059
dht11_read@phum             cstackBANK0  004E
dht11_read@ptemp            cstackBANK0  004F
dht11_read_byte@i           cstackCOMMON 0071
dht11_read_byte@timer_val   cstackCOMMON 0070
ds1307_get_date@day         cstackBANK0  0021
ds1307_get_date@month       cstackBANK0  0022
ds1307_get_date@temp        cstackBANK0  0025
ds1307_get_date@year        cstackBANK0  0023
ds1307_get_time@hour        cstackBANK0  0021
ds1307_get_time@min         cstackBANK0  0022
ds1307_get_time@sec         cstackBANK0  0023
ds1307_get_time@temp        cstackBANK0  0025
ds1307_set_date@day         cstackBANK0  0025
ds1307_set_date@month       cstackBANK0  0021
ds1307_set_date@year        cstackBANK0  0022
ds1307_set_time@hour        cstackBANK0  0025
ds1307_set_time@min         cstackBANK0  0021
ds1307_set_time@sec         cstackBANK0  0022
dtoa@d                      cstackBANK0  0031
dtoa@fp                     cstackBANK0  002F
dtoa@i                      cstackBANK0  0039
dtoa@p                      cstackBANK0  0035
dtoa@s                      cstackBANK0  0038
dtoa@w                      cstackBANK0  0036
end_of_initialization       cinit        07FC
fputc@c                     cstackCOMMON 0070
fputc@fp                    cstackCOMMON 0072
fputs@c                     cstackBANK0  0025
fputs@fp                    cstackBANK0  0021
fputs@i                     cstackBANK0  0026
fputs@s                     cstackBANK0  0020
intlevel0                   functab      0000
intlevel1                   functab      0000
intlevel2                   functab      0000
intlevel3                   functab      0000
intlevel4                   functab      0000
intlevel5                   functab      0000
ltemp0a                     (abs)        0080
main@ano                    cstackBANK1  00D2
main@buffer                 cstackBANK1  00B0
main@contador_dht           cstackBANK1  00C6
main@contador_segundos      cstackBANK1  00C5
main@dht_ok                 cstackBANK1  00CC
main@dia                    cstackBANK1  00D0
main@hora                   cstackBANK1  00CD
main@hum_dec                cstackBANK1  00C3
main@hum_ent                cstackBANK1  00C9
main@hum_f                  cstackBANK1  00D7
main@mes                    cstackBANK1  00D1
main@min                    cstackBANK1  00CE
main@pantalla_actual        cstackBANK1  00CB
main@seg                    cstackBANK1  00CF
main@temp_dec               cstackBANK1  00C1
main@temp_ent               cstackBANK1  00C7
main@temp_f                 cstackBANK1  00D3
pad@buf                     cstackBANK0  002A
pad@fp                      cstackBANK0  0028
pad@i                       cstackBANK0  002D
pad@p                       cstackBANK0  002B
read_prec_or_width@ap       cstackCOMMON 0077
read_prec_or_width@c        cstackCOMMON 0078
read_prec_or_width@fmt      cstackCOMMON 0076
read_prec_or_width@n        cstackCOMMON 0079
reset_vec                   reset_vec    0000
sprintf@ap                  cstackBANK0  0055
sprintf@f                   cstackBANK0  0056
sprintf@fmt                 cstackBANK0  004D
sprintf@s                   cstackBANK0  004C
start                       init         0000
start_initialization        cinit        07EA
ttemp0a                     (abs)        007F
vfpfcnvrt@ap                cstackBANK0  003E
vfpfcnvrt@convarg           cstackBANK0  0041
vfpfcnvrt@cp                cstackBANK0  0046
vfpfcnvrt@done              cstackBANK0  0045
vfpfcnvrt@fmt               cstackBANK0  003D
vfpfcnvrt@fp                cstackBANK0  003B
vfprintf@ap                 cstackBANK0  004A
vfprintf@cfmt               cstackBANK0  004B
vfprintf@fmt                cstackBANK0  0049
vfprintf@fp                 cstackBANK0  0047
wtemp0                      (abs)        007E
wtemp0a                     (abs)        007F


MODULE INFORMATION

Module		Function		Class		Link	Load	Size
C:\Program Files\Microchip\xc8\v3.10\pic\sources\c99\common\awmod.c
		___awmod       		CODE           	14D3	0000	87

C:\Program Files\Microchip\xc8\v3.10\pic\sources\c99\common\awmod.c estimated size: 87

C:\Program Files\Microchip\xc8\v3.10\pic\sources\c99\common\putch.c
		_putch         		CODE           	10F3	0000	1

C:\Program Files\Microchip\xc8\v3.10\pic\sources\c99\common\putch.c estimated size: 1

C:\Program Files\Microchip\xc8\v3.10\pic\sources\c99\common\abs.c
		_abs           		CODE           	1142	0000	17

C:\Program Files\Microchip\xc8\v3.10\pic\sources\c99\common\abs.c estimated size: 17

C:\Program Files\Microchip\xc8\v3.10\pic\sources\c99\common\nf_fputs.c
		_fputs         		CODE           	12B7	0000	43

C:\Program Files\Microchip\xc8\v3.10\pic\sources\c99\common\nf_fputs.c estimated size: 43

i2c.c
		_I2C_Init_Master		CODE           	118E	0000	31
		_I2C_Write     		CODE           	1153	0000	18
		_I2C_Stop      		CODE           	1106	0000	10
		_I2C_Read      		CODE           	1126	0000	11
		_I2C_Ack       		CODE           	1110	0000	11
		_I2C_Nack      		CODE           	111B	0000	11
		_I2C_Start     		CODE           	10FC	0000	10

i2c.c estimated size: 102

lcd_i2c.c
		_Lcd_Write_String		CODE           	128F	0000	40
		_Lcd_Init      		CODE           	1313	0000	57
		_Lcd_Write_Char		CODE           	1395	0000	73
		_Lcd_Cmd       		CODE           	134C	0000	73
		_Lcd_Set_Cursor		CODE           	1267	0000	40
		_Lcd_Clear     		CODE           	1131	0000	17

lcd_i2c.c estimated size: 300

ds1307.c
		_ds1307_get_date		CODE           	16D2	0000	148
		_ds1307_set_date		CODE           	13DE	0000	80
		_ds1307_get_time		CODE           	163F	0000	147
		_ds1307_set_time		CODE           	142E	0000	82
		_bcd_to_dec    		CODE           	1178	0000	22
		_dec_to_bcd    		CODE           	12E2	0000	49
		_ds1307_init   		CODE           	1581	0000	91

ds1307.c estimated size: 619

C:\Program Files\Microchip\xc8\v3.10\pic\sources\c99\common\awdiv.c
		___awdiv       		CODE           	15DC	0000	99

C:\Program Files\Microchip\xc8\v3.10\pic\sources\c99\common\awdiv.c estimated size: 99

C:\Program Files\Microchip\xc8\v3.10\pic\sources\c99\common\fltol.c
		___fltol       		CODE           	08A6	0000	118

C:\Program Files\Microchip\xc8\v3.10\pic\sources\c99\common\fltol.c estimated size: 118

C:\Program Files\Microchip\xc8\v3.10\pic\sources\c99\common\sprcmul.c
		___flmul       		CODE           	0102	0000	834

C:\Program Files\Microchip\xc8\v3.10\pic\sources\c99\common\sprcmul.c estimated size: 834

C:\Program Files\Microchip\xc8\v3.10\pic\sources\c99\common\Umul8.c
		___bmul        		CODE           	1165	0000	19

C:\Program Files\Microchip\xc8\v3.10\pic\sources\c99\common\Umul8.c estimated size: 19

C:\Program Files\Microchip\xc8\v3.10\pic\sources\c99\common\Umul8_16.c
		__Umul8_16     		CODE           	1219	0000	39

C:\Program Files\Microchip\xc8\v3.10\pic\sources\c99\common\Umul8_16.c estimated size: 39

C:\Program Files\Microchip\xc8\v3.10\pic\sources\c99\common\nf_sprintf.c
		_sprintf       		CODE           	0003	0000	35

C:\Program Files\Microchip\xc8\v3.10\pic\sources\c99\common\nf_sprintf.c estimated size: 35

C:\Program Files\Microchip\xc8\v3.10\pic\sources\c99\common\xxtofl.c
		___xxtofl      		CODE           	091C	0000	180

C:\Program Files\Microchip\xc8\v3.10\pic\sources\c99\common\xxtofl.c estimated size: 180

C:\Program Files\Microchip\xc8\v3.10\pic\sources\c99\common\sprcdiv.c
		___fldiv       		CODE           	0BE6	0000	458

C:\Program Files\Microchip\xc8\v3.10\pic\sources\c99\common\sprcdiv.c estimated size: 458

shared
		__stringtab    		STRING         	0800	0000	16
		__initialization		CODE           	07EA	0000	18

shared estimated size: 34

C:\Program Files\Microchip\xc8\v3.10\pic\sources\c99\common\nf_fputc.c
		_fputc         		CODE           	1766	0000	154

C:\Program Files\Microchip\xc8\v3.10\pic\sources\c99\common\nf_fputc.c estimated size: 154

lcd.c
		_main          		CODE           	0444	0000	934

lcd.c estimated size: 934

dht11.c
		_dht11_read    		CODE           	0A9D	0000	329
		_dht11_read_byte		CODE           	1240	0000	39
		_dht11_config  		CODE           	089C	0000	10

dht11.c estimated size: 378

C:\Program Files\Microchip\xc8\v3.10\pic\sources\c99\common\doprnt.c
		_read_prec_or_width		CODE           	1480	0000	83
		_vfpfcnvrt     		CODE           	0026	0000	220
		_pad           		CODE           	152A	0000	87
		_dtoa          		CODE           	09D0	0000	205
		_vfprintf      		CODE           	11AD	0000	35

C:\Program Files\Microchip\xc8\v3.10\pic\sources\c99\common\doprnt.c estimated size: 630

C:\Program Files\Microchip\xc8\v3.10\pic\sources\c99\common\sprcadd.c
		___flsub       		CODE           	11D0	0000	36
		___fladd       		CODE           	0DB0	0000	592

C:\Program Files\Microchip\xc8\v3.10\pic\sources\c99\common\sprcadd.c estimated size: 628

C:\Program Files\Microchip\xc8\v3.10\pic\sources\c99\common\Umul16.c
		___wmul        		CODE           	11F4	0000	37

C:\Program Files\Microchip\xc8\v3.10\pic\sources\c99\common\Umul16.c estimated size: 37

